Archive member included to satisfy reference by file (symbol)

../micro_ros_stm32cubemx_utils/microros_static_library_ide/libmicroros/libmicroros.a(libgeometry_msgs__rosidl_typesupport_c-point__type_support.cpp.obj)
                              ./Core/Src/main.o (rosidl_typesupport_c__get_message_type_support_handle__geometry_msgs__msg__Point)
../micro_ros_stm32cubemx_utils/microros_static_library_ide/libmicroros/libmicroros.a(libgeometry_msgs__rosidl_typesupport_introspection_c-point__type_support.c.obj)
                              ../micro_ros_stm32cubemx_utils/microros_static_library_ide/libmicroros/libmicroros.a(libgeometry_msgs__rosidl_typesupport_c-point__type_support.cpp.obj) (rosidl_typesupport_introspection_c__get_message_type_support_handle__geometry_msgs__msg__Point)
../micro_ros_stm32cubemx_utils/microros_static_library_ide/libmicroros/libmicroros.a(libgeometry_msgs__rosidl_typesupport_microxrcedds_c-point__type_support_c.c.obj)
                              ../micro_ros_stm32cubemx_utils/microros_static_library_ide/libmicroros/libmicroros.a(libgeometry_msgs__rosidl_typesupport_c-point__type_support.cpp.obj) (rosidl_typesupport_microxrcedds_c__get_message_type_support_handle__geometry_msgs__msg__Point)
../micro_ros_stm32cubemx_utils/microros_static_library_ide/libmicroros/libmicroros.a(libmicrocdr-basic.c.obj)
                              ../micro_ros_stm32cubemx_utils/microros_static_library_ide/libmicroros/libmicroros.a(libgeometry_msgs__rosidl_typesupport_microxrcedds_c-point__type_support_c.c.obj) (ucdr_serialize_double)
../micro_ros_stm32cubemx_utils/microros_static_library_ide/libmicroros/libmicroros.a(libmicrocdr-common.c.obj)
                              ../micro_ros_stm32cubemx_utils/microros_static_library_ide/libmicroros/libmicroros.a(libmicrocdr-basic.c.obj) (ucdr_check_buffer_available_for)
../micro_ros_stm32cubemx_utils/microros_static_library_ide/libmicroros/libmicroros.a(librcl-publisher.c.obj)
                              ./Core/Src/main.o (rcl_publish)
../micro_ros_stm32cubemx_utils/microros_static_library_ide/libmicroros/libmicroros.a(librclc-init.c.obj)
                              ./Core/Src/main.o (rclc_support_init)
../micro_ros_stm32cubemx_utils/microros_static_library_ide/libmicroros/libmicroros.a(librclc-node.c.obj)
                              ./Core/Src/main.o (rclc_node_init_default)
../micro_ros_stm32cubemx_utils/microros_static_library_ide/libmicroros/libmicroros.a(librclc-publisher.c.obj)
                              ./Core/Src/main.o (rclc_publisher_init_default)
../micro_ros_stm32cubemx_utils/microros_static_library_ide/libmicroros/libmicroros.a(librcutils-allocator.c.obj)
                              ./Core/Src/main.o (rcutils_get_zero_initialized_allocator)
../micro_ros_stm32cubemx_utils/microros_static_library_ide/libmicroros/libmicroros.a(librcutils-error_handling.c.obj)
                              ../micro_ros_stm32cubemx_utils/microros_static_library_ide/libmicroros/libmicroros.a(librclc-init.c.obj) (rcutils_reset_error)
../micro_ros_stm32cubemx_utils/microros_static_library_ide/libmicroros/libmicroros.a(librmw-publisher_options.c.obj)
                              ../micro_ros_stm32cubemx_utils/microros_static_library_ide/libmicroros/libmicroros.a(librcl-publisher.c.obj) (rmw_get_default_publisher_options)
../micro_ros_stm32cubemx_utils/microros_static_library_ide/libmicroros/libmicroros.a(librmw_microxrcedds-custom_transport.c.obj)
                              ./Core/Src/main.o (rmw_uros_set_custom_transport)
../micro_ros_stm32cubemx_utils/microros_static_library_ide/libmicroros/libmicroros.a(librmw_microxrcedds-rmw_publish.c.obj)
                              ../micro_ros_stm32cubemx_utils/microros_static_library_ide/libmicroros/libmicroros.a(librcl-publisher.c.obj) (rmw_publish)
../micro_ros_stm32cubemx_utils/microros_static_library_ide/libmicroros/libmicroros.a(librmw_microxrcedds-rmw_publisher.c.obj)
                              ../micro_ros_stm32cubemx_utils/microros_static_library_ide/libmicroros/libmicroros.a(librcl-publisher.c.obj) (rmw_create_publisher)
../micro_ros_stm32cubemx_utils/microros_static_library_ide/libmicroros/libmicroros.a(librmw_microxrcedds-types.c.obj)
                              ../micro_ros_stm32cubemx_utils/microros_static_library_ide/libmicroros/libmicroros.a(librmw_microxrcedds-rmw_publisher.c.obj) (rmw_uxrce_fini_publisher_memory)
../micro_ros_stm32cubemx_utils/microros_static_library_ide/libmicroros/libmicroros.a(librmw_microxrcedds-utils.c.obj)
                              ../micro_ros_stm32cubemx_utils/microros_static_library_ide/libmicroros/libmicroros.a(librmw_microxrcedds-rmw_publisher.c.obj) (run_xrce_session)
../micro_ros_stm32cubemx_utils/microros_static_library_ide/libmicroros/libmicroros.a(librosidl_runtime_c-message_type_support.c.obj)
[...]
Memory Configuration

Name             Origin             Length             Attributes
RAM              0x20000000         0x00018000         xrw
FLASH            0x08000000         0x00080000         xr
*default*        0x00000000         0xffffffff

Linker script and memory map

LOAD /opt/st/stm32cubeide_1.18.0/plugins/com.st.stm32cube.ide.mcu.externaltools.gnu-tools-for-stm32.13.3.rel1.linux64_1.0.0.202410170706/tools/bin/../lib/gcc/arm-none-eabi/13.3.1/thumb/v7e-m+fp/hard/crti.o
LOAD /opt/st/stm32cubeide_1.18.0/plugins/com.st.stm32cube.ide.mcu.externaltools.gnu-tools-for-stm32.13.3.rel1.linux64_1.0.0.202410170706/tools/bin/../lib/gcc/arm-none-eabi/13.3.1/thumb/v7e-m+fp/hard/crtbegin.o
LOAD /opt/st/stm32cubeide_1.18.0/plugins/com.st.stm32cube.ide.mcu.externaltools.gnu-tools-for-stm32.13.3.rel1.linux64_1.0.0.202410170706/tools/bin/../lib/gcc/arm-none-eabi/13.3.1/../../../../arm-none-eabi/lib/thumb/v7e-m+fp/hard/crt0.o
LOAD ./Core/Src/custom_memory_manager.o
LOAD ./Core/Src/freertos.o
LOAD ./Core/Src/main.o
LOAD ./Core/Src/microros_allocators.o
LOAD ./Core/Src/microros_time.o
LOAD ./Core/Src/stm32f4xx_hal_msp.o
LOAD ./Core/Src/stm32f4xx_hal_timebase_tim.o
LOAD ./Core/Src/stm32f4xx_it.o
LOAD ./Core/Src/syscalls.o
LOAD ./Core/Src/sysmem.o
LOAD ./Core/Src/system_stm32f4xx.o
LOAD ./Core/Src/microros_transports/dma_transport.o
LOAD ./Core/Startup/startup_stm32f401retx.o
LOAD ./Drivers/Custom_ROS_Driver/complex_msgs/msg/detail/multi_string_test__functions.o
LOAD ./Drivers/Custom_ROS_Driver/complex_msgs/msg/detail/nested_msg_test__functions.o
LOAD ./Drivers/STM32F4xx_HAL_Driver/Src/stm32f4xx_hal.o
LOAD ./Drivers/STM32F4xx_HAL_Driver/Src/stm32f4xx_hal_cortex.o
LOAD ./Drivers/STM32F4xx_HAL_Driver/Src/stm32f4xx_hal_dma.o
LOAD ./Drivers/STM32F4xx_HAL_Driver/Src/stm32f4xx_hal_dma_ex.o
LOAD ./Drivers/STM32F4xx_HAL_Driver/Src/stm32f4xx_hal_exti.o
LOAD ./Drivers/STM32F4xx_HAL_Driver/Src/stm32f4xx_hal_flash.o
LOAD ./Drivers/STM32F4xx_HAL_Driver/Src/stm32f4xx_hal_flash_ex.o
LOAD ./Drivers/STM32F4xx_HAL_Driver/Src/stm32f4xx_hal_flash_ramfunc.o
LOAD ./Drivers/STM32F4xx_HAL_Driver/Src/stm32f4xx_hal_gpio.o
LOAD ./Drivers/STM32F4xx_HAL_Driver/Src/stm32f4xx_hal_pwr.o
LOAD ./Drivers/STM32F4xx_HAL_Driver/Src/stm32f4xx_hal_pwr_ex.o
LOAD ./Drivers/STM32F4xx_HAL_Driver/Src/stm32f4xx_hal_rcc.o
LOAD ./Drivers/STM32F4xx_HAL_Driver/Src/stm32f4xx_hal_rcc_ex.o
LOAD ./Drivers/STM32F4xx_HAL_Driver/Src/stm32f4xx_hal_tim.o
LOAD ./Drivers/STM32F4xx_HAL_Driver/Src/stm32f4xx_hal_tim_ex.o
LOAD ./Drivers/STM32F4xx_HAL_Driver/Src/stm32f4xx_hal_uart.o
LOAD ./Middlewares/Third_Party/FreeRTOS/Source/CMSIS_RTOS_V2/cmsis_os2.o
LOAD ./Middlewares/Third_Party/FreeRTOS/Source/croutine.o
LOAD ./Middlewares/Third_Party/FreeRTOS/Source/event_groups.o
LOAD ./Middlewares/Third_Party/FreeRTOS/Source/list.o
LOAD ./Middlewares/Third_Party/FreeRTOS/Source/queue.o
LOAD ./Middlewares/Third_Party/FreeRTOS/Source/stream_buffer.o
LOAD ./Middlewares/Third_Party/FreeRTOS/Source/tasks.o
LOAD ./Middlewares/Third_Party/FreeRTOS/Source/timers.o
LOAD ./Middlewares/Third_Party/FreeRTOS/Source/portable/GCC/ARM_CM4F/port.o
LOAD ./Middlewares/Third_Party/FreeRTOS/Source/portable/MemMang/heap_4.o
LOAD ../micro_ros_stm32cubemx_utils/microros_static_library_ide/libmicroros/libmicroros.a
START GROUP
LOAD /opt/st/stm32cubeide_1.18.0/plugins/com.st.stm32cube.ide.mcu.externaltools.gnu-tools-for-stm32.13.3.rel1.linux64_1.0.0.202410170706/tools/bin/../lib/gcc/arm-none-eabi/13.3.1/../../../../arm-none-eabi/lib/thumb/v7e-m+fp/hard/libc_nano.a
LOAD /opt/st/stm32cubeide_1.18.0/plugins/com.st.stm32cube.ide.mcu.externaltools.gnu-tools-for-stm32.13.3.rel1.linux64_1.0.0.202410170706/tools/bin/../lib/gcc/arm-none-eabi/13.3.1/../../../../arm-none-eabi/lib/thumb/v7e-m+fp/hard/libm.a
END GROUP
START GROUP
LOAD /opt/st/stm32cubeide_1.18.0/plugins/com.st.stm32cube.ide.mcu.externaltools.gnu-tools-for-stm32.13.3.rel1.linux64_1.0.0.202410170706/tools/bin/../lib/gcc/arm-none-eabi/13.3.1/thumb/v7e-m+fp/hard/libgcc.a
LOAD /opt/st/stm32cubeide_1.18.0/plugins/com.st.stm32cube.ide.mcu.externaltools.gnu-tools-for-stm32.13.3.rel1.linux64_1.0.0.202410170706/tools/bin/../lib/gcc/arm-none-eabi/13.3.1/../../../../arm-none-eabi/lib/thumb/v7e-m+fp/hard/libc_nano.a
END GROUP
START GROUP
LOAD /opt/st/stm32cubeide_1.18.0/plugins/com.st.stm32cube.ide.mcu.externaltools.gnu-tools-for-stm32.13.3.rel1.linux64_1.0.0.202410170706/tools/bin/../lib/gcc/arm-none-eabi/13.3.1/thumb/v7e-m+fp/hard/libgcc.a
LOAD /opt/st/stm32cubeide_1.18.0/plugins/com.st.stm32cube.ide.mcu.externaltools.gnu-tools-for-stm32.13.3.rel1.linux64_1.0.0.202410170706/tools/bin/../lib/gcc/arm-none-eabi/13.3.1/../../../../arm-none-eabi/lib/thumb/v7e-m+fp/hard/libc_nano.a
LOAD /opt/st/stm32cubeide_1.18.0/plugins/com.st.stm32cube.ide.mcu.externaltools.gnu-tools-for-stm32.13.3.rel1.linux64_1.0.0.202410170706/tools/bin/../lib/gcc/arm-none-eabi/13.3.1/../../../../arm-none-eabi/lib/thumb/v7e-m+fp/hard/libnosys.a
END GROUP
START GROUP
LOAD /opt/st/stm32cubeide_1.18.0/plugins/com.st.stm32cube.ide.mcu.externaltools.gnu-tools-for-stm32.13.3.rel1.linux64_1.0.0.202410170706/tools/bin/../lib/gcc/arm-none-eabi/13.3.1/thumb/v7e-m+fp/hard/libgcc.a
LOAD /opt/st/stm32cubeide_1.18.0/plugins/com.st.stm32cube.ide.mcu.externaltools.gnu-tools-for-stm32.13.3.rel1.linux64_1.0.0.202410170706/tools/bin/../lib/gcc/arm-none-eabi/13.3.1/../../../../arm-none-eabi/lib/thumb/v7e-m+fp/hard/libc_nano.a
LOAD /opt/st/stm32cubeide_1.18.0/plugins/com.st.stm32cube.ide.mcu.externaltools.gnu-tools-for-stm32.13.3.rel1.linux64_1.0.0.202410170706/tools/bin/../lib/gcc/arm-none-eabi/13.3.1/../../../../arm-none-eabi/lib/thumb/v7e-m+fp/hard/libnosys.a
END GROUP
LOAD /opt/st/stm32cubeide_1.18.0/plugins/com.st.stm32cube.ide.mcu.externaltools.gnu-tools-for-stm32.13.3.rel1.linux64_1.0.0.202410170706/tools/bin/../lib/gcc/arm-none-eabi/13.3.1/thumb/v7e-m+fp/hard/crtend.o
LOAD /opt/st/stm32cubeide_1.18.0/plugins/com.st.stm32cube.ide.mcu.externaltools.gnu-tools-for-stm32.13.3.rel1.linux64_1.0.0.202410170706/tools/bin/../lib/gcc/arm-none-eabi/13.3.1/thumb/v7e-m+fp/hard/crtn.o
                0x20018000                        _estack = (ORIGIN (RAM) + LENGTH (RAM))
                0x00000200                        _Min_Heap_Size = 0x200
                0x00000400                        _Min_Stack_Size = 0x400

.isr_vector     0x08000000      0x194
                0x08000000                        . = ALIGN (0x4)
 *(.isr_vector)
 .isr_vector    0x08000000      0x194 ./Core/Startup/startup_stm32f401retx.o
                0x08000000                g_pfnVectors
                0x08000194                        . = ALIGN (0x4)

.text           0x080001a0    0x11f1c
                0x080001a0                        . = ALIGN (0x4)
 *(.text)
 .text          0x080001a0       0x40 /opt/st/stm32cubeide_1.18.0/plugins/com.st.stm32cube.ide.mcu.externaltools.gnu-tools-for-stm32.13.3.rel1.linux64_1.0.0.202410170706/tools/bin/../lib/gcc/arm-none-eabi/13.3.1/thumb/v7e-m+fp/hard/crtbegin.o
 .text          0x080001e0       0x14 /opt/st/stm32cubeide_1.18.0/plugins/com.st.stm32cube.ide.mcu.externaltools.gnu-tools-for-stm32.13.3.rel1.linux64_1.0.0.202410170706/tools/bin/../lib/gcc/arm-none-eabi/13.3.1/../../../../arm-none-eabi/lib/thumb/v7e-m+fp/hard/libc_nano.a(libc_a-strcmp.o)
                0x080001e0                strcmp
 .text          0x080001f4       0x10 /opt/st/stm32cubeide_1.18.0/plugins/com.st.stm32cube.ide.mcu.externaltools.gnu-tools-for-stm32.13.3.rel1.linux64_1.0.0.202410170706/tools/bin/../lib/gcc/arm-none-eabi/13.3.1/../../../../arm-none-eabi/lib/thumb/v7e-m+fp/hard/libc_nano.a(libc_a-strlen.o)
                0x080001f4                strlen
 *fill*         0x08000204        0xc 
 .text          0x08000210       0xa0 /opt/st/stm32cubeide_1.18.0/plugins/com.st.stm32cube.ide.mcu.externaltools.gnu-tools-for-stm32.13.3.rel1.linux64_1.0.0.202410170706/tools/bin/../lib/gcc/arm-none-eabi/13.3.1/../../../../arm-none-eabi/lib/thumb/v7e-m+fp/hard/libc_nano.a(libc_a-memchr.o)
                0x08000210                memchr
 .text          0x080002b0      0x378 /opt/st/stm32cubeide_1.18.0/plugins/com.st.stm32cube.ide.mcu.externaltools.gnu-tools-for-stm32.13.3.rel1.linux64_1.0.0.202410170706/tools/bin/../lib/gcc/arm-none-eabi/13.3.1/thumb/v7e-m+fp/hard/libgcc.a(_arm_addsubdf3.o)
                0x080002b0                __aeabi_drsub
                0x080002b8                __aeabi_dsub
                0x080002b8                __subdf3
                0x080002bc                __adddf3
                0x080002bc                __aeabi_dadd
                0x08000534                __aeabi_ui2d
                0x08000534                __floatunsidf
                0x08000554                __floatsidf
                0x08000554                __aeabi_i2d
                0x08000578                __extendsfdf2
                0x08000578                __aeabi_f2d
                0x080005bc                __aeabi_ul2d
                0x080005bc                __floatundidf
                0x080005cc                __floatdidf
                0x080005cc                __aeabi_l2d
 .text          0x08000628      0x110 /opt/st/stm32cubeide_1.18.0/plugins/com.st.stm32cube.ide.mcu.externaltools.gnu-tools-for-stm32.13.3.rel1.linux64_1.0.0.202410170706/tools/bin/../lib/gcc/arm-none-eabi/13.3.1/thumb/v7e-m+fp/hard/libgcc.a(_arm_cmpdf2.o)
                0x08000628                __gtdf2
                0x08000628                __gedf2
                0x08000630                __ltdf2
                0x08000630                __ledf2
                0x08000638                __cmpdf2
                0x08000638                __eqdf2
                0x08000638                __nedf2
                0x080006b4                __aeabi_cdrcmple
                0x080006c4                __aeabi_cdcmple
                0x080006c4                __aeabi_cdcmpeq
                0x080006d4                __aeabi_dcmpeq
                0x080006e8                __aeabi_dcmplt
                0x080006fc                __aeabi_dcmple
                0x08000710                __aeabi_dcmpge
                0x08000724                __aeabi_dcmpgt
 .text          0x08000738       0xa0 /opt/st/stm32cubeide_1.18.0/plugins/com.st.stm32cube.ide.mcu.externaltools.gnu-tools-for-stm32.13.3.rel1.linux64_1.0.0.202410170706/tools/bin/../lib/gcc/arm-none-eabi/13.3.1/thumb/v7e-m+fp/hard/libgcc.a(_aeabi_ldivmod.o)
                0x08000738                __aeabi_ldivmod
 .text          0x080007d8       0x30 /opt/st/stm32cubeide_1.18.0/plugins/com.st.stm32cube.ide.mcu.externaltools.gnu-tools-for-stm32.13.3.rel1.linux64_1.0.0.202410170706/tools/bin/../lib/gcc/arm-none-eabi/13.3.1/thumb/v7e-m+fp/hard/libgcc.a(_aeabi_uldivmod.o)
                0x080007d8                __aeabi_uldivmod
 .text          0x08000808      0x2f8 /opt/st/stm32cubeide_1.18.0/plugins/com.st.stm32cube.ide.mcu.externaltools.gnu-tools-for-stm32.13.3.rel1.linux64_1.0.0.202410170706/tools/bin/../lib/gcc/arm-none-eabi/13.3.1/thumb/v7e-m+fp/hard/libgcc.a(_udivmoddi4.o)
                0x08000808                __udivmoddi4
 .text          0x08000b00        0x4 /opt/st/stm32cubeide_1.18.0/plugins/com.st.stm32cube.ide.mcu.externaltools.gnu-tools-for-stm32.13.3.rel1.linux64_1.0.0.202410170706/tools/bin/../lib/gcc/arm-none-eabi/13.3.1/thumb/v7e-m+fp/hard/libgcc.a(_dvmd_tls.o)
                0x08000b00                __aeabi_ldiv0
                0x08000b00                __aeabi_idiv0
 *(.text*)
 .text.pvPortMallocMicroROS
                0x08000b04      0x190 ./Core/Src/custom_memory_manager.o
                0x08000b04                pvPortMallocMicroROS
 .text.vPortFreeMicroROS
                0x08000c94       0xb8 ./Core/Src/custom_memory_manager.o
                0x08000c94                vPortFreeMicroROS
 .text.getBlockSize
                0x08000d4c       0x3c ./Core/Src/custom_memory_manager.o
                0x08000d4c                getBlockSize
 .text.pvPortReallocMicroROS
                0x08000d88       0x5a ./Core/Src/custom_memory_manager.o
                0x08000d88                pvPortReallocMicroROS
 .text.pvPortCallocMicroROS
                0x08000de2       0x48 ./Core/Src/custom_memory_manager.o
                0x08000de2                pvPortCallocMicroROS
 *fill*         0x08000e2a        0x2 
 .text.prvHeapInit
                0x08000e2c       0xc4 ./Core/Src/custom_memory_manager.o
 .text.prvInsertBlockIntoFreeList
                0x08000ef0       0xb4 ./Core/Src/custom_memory_manager.o
 .text.main     0x08000fa4       0x40 ./Core/Src/main.o
                0x08000fa4                main
 .text.SystemClock_Config
                0x08000fe4       0xd4 ./Core/Src/main.o
                0x08000fe4                SystemClock_Config
 .text.MX_USART2_UART_Init
                0x080010b8       0x54 ./Core/Src/main.o
 .text.MX_DMA_Init
                0x0800110c       0x50 ./Core/Src/main.o
 .text.MX_GPIO_Init
                0x0800115c       0xc0 ./Core/Src/main.o
 *fill*         0x0800121c        0x4 
 .text.StartDefaultTask
                0x08001220      0x2b4 ./Core/Src/main.o
                0x08001220                StartDefaultTask
 .text.HAL_TIM_PeriodElapsedCallback
                0x080014d4       0x24 ./Core/Src/main.o
                0x080014d4                HAL_TIM_PeriodElapsedCallback
 .text.Error_Handler
                0x080014f8        0xc ./Core/Src/main.o
                0x080014f8                Error_Handler
 .text.microros_allocate
                0x08001504       0x44 ./Core/Src/microros_allocators.o
                0x08001504                microros_allocate
 .text.microros_deallocate
                0x08001548       0x38 ./Core/Src/microros_allocators.o
                0x08001548                microros_deallocate
 .text.microros_reallocate
                0x08001580       0x6c ./Core/Src/microros_allocators.o
                0x08001580                microros_reallocate
 .text.microros_zero_allocate
                0x080015ec       0x50 ./Core/Src/microros_allocators.o
                0x080015ec                microros_zero_allocate
 *fill*         0x0800163c        0x4 
 .text.UTILS_NanosecondsToTimespec
                0x08001640       0xa0 ./Core/Src/microros_time.o
                0x08001640                UTILS_NanosecondsToTimespec
 .text.clock_gettime
                0x080016e0       0xee ./Core/Src/microros_time.o
                0x080016e0                clock_gettime
 *fill*         0x080017ce        0x2 
 .text.HAL_MspInit
                0x080017d0       0x58 ./Core/Src/stm32f4xx_hal_msp.o
                0x080017d0                HAL_MspInit
 .text.HAL_UART_MspInit
                0x08001828      0x170 ./Core/Src/stm32f4xx_hal_msp.o
                0x08001828                HAL_UART_MspInit
 .text.HAL_InitTick
                0x08001998       0xe4 ./Core/Src/stm32f4xx_hal_timebase_tim.o
                0x08001998                HAL_InitTick
 .text.NMI_Handler
                0x08001a7c        0x8 ./Core/Src/stm32f4xx_it.o
                0x08001a7c                NMI_Handler
 .text.HardFault_Handler
                0x08001a84        0x8 ./Core/Src/stm32f4xx_it.o
                0x08001a84                HardFault_Handler
 .text.MemManage_Handler
                0x08001a8c        0x8 ./Core/Src/stm32f4xx_it.o
                0x08001a8c                MemManage_Handler
 .text.BusFault_Handler
                0x08001a94        0x8 ./Core/Src/stm32f4xx_it.o
                0x08001a94                BusFault_Handler
 .text.UsageFault_Handler
                0x08001a9c        0x8 ./Core/Src/stm32f4xx_it.o
                0x08001a9c                UsageFault_Handler
 .text.DebugMon_Handler
                0x08001aa4        0xe ./Core/Src/stm32f4xx_it.o
                0x08001aa4                DebugMon_Handler
 *fill*         0x08001ab2        0x2 
 .text.DMA1_Stream5_IRQHandler
                0x08001ab4       0x14 ./Core/Src/stm32f4xx_it.o
                0x08001ab4                DMA1_Stream5_IRQHandler
 .text.DMA1_Stream6_IRQHandler
                0x08001ac8       0x14 ./Core/Src/stm32f4xx_it.o
                0x08001ac8                DMA1_Stream6_IRQHandler
 .text.TIM1_UP_TIM10_IRQHandler
                0x08001adc       0x14 ./Core/Src/stm32f4xx_it.o
                0x08001adc                TIM1_UP_TIM10_IRQHandler
 .text.USART2_IRQHandler
                0x08001af0       0x14 ./Core/Src/stm32f4xx_it.o
                0x08001af0                USART2_IRQHandler
 .text._getpid  0x08001b04       0x10 ./Core/Src/syscalls.o
                0x08001b04                _getpid
 .text._kill    0x08001b14       0x20 ./Core/Src/syscalls.o
                0x08001b14                _kill
 .text._exit    0x08001b34       0x16 ./Core/Src/syscalls.o
                0x08001b34                _exit
 .text._read    0x08001b4a       0x3a ./Core/Src/syscalls.o
                0x08001b4a                _read
 .text._write   0x08001b84       0x38 ./Core/Src/syscalls.o
                0x08001b84                _write
 .text._close   0x08001bbc       0x18 ./Core/Src/syscalls.o
                0x08001bbc                _close
 .text._fstat   0x08001bd4       0x20 ./Core/Src/syscalls.o
                0x08001bd4                _fstat
 .text._isatty  0x08001bf4       0x16 ./Core/Src/syscalls.o
                0x08001bf4                _isatty
 .text._lseek   0x08001c0a       0x1a ./Core/Src/syscalls.o
                0x08001c0a                _lseek
 .text._sbrk    0x08001c24       0x6c ./Core/Src/sysmem.o
                0x08001c24                _sbrk
 .text.SystemInit
                0x08001c90       0x24 ./Core/Src/system_stm32f4xx.o
                0x08001c90                SystemInit
 .text.cubemx_transport_open
                0x08001cb4       0x2c ./Core/Src/microros_transports/dma_transport.o
                0x08001cb4                cubemx_transport_open
 .text.cubemx_transport_close
                0x08001ce0       0x20 ./Core/Src/microros_transports/dma_transport.o
                0x08001ce0                cubemx_transport_close
 .text.cubemx_transport_write
                0x08001d00       0x66 ./Core/Src/microros_transports/dma_transport.o
                0x08001d00                cubemx_transport_write
 *fill*         0x08001d66        0x2 
 .text.cubemx_transport_read
                0x08001d68       0xa8 ./Core/Src/microros_transports/dma_transport.o
                0x08001d68                cubemx_transport_read
 .text.Reset_Handler
                0x08001e10       0x50 ./Core/Startup/startup_stm32f401retx.o
                0x08001e10                Reset_Handler
 .text.Default_Handler
                0x08001e60        0x2 ./Core/Startup/startup_stm32f401retx.o
                0x08001e60                RTC_Alarm_IRQHandler
                0x08001e60                EXTI2_IRQHandler
                0x08001e60                SPI4_IRQHandler
                0x08001e60                TIM1_CC_IRQHandler
                0x08001e60                DMA2_Stream5_IRQHandler
                0x08001e60                PVD_IRQHandler
                0x08001e60                SDIO_IRQHandler
                0x08001e60                TAMP_STAMP_IRQHandler
                0x08001e60                EXTI3_IRQHandler
                0x08001e60                I2C3_ER_IRQHandler
                0x08001e60                EXTI0_IRQHandler
                0x08001e60                I2C2_EV_IRQHandler
                0x08001e60                DMA1_Stream2_IRQHandler
                0x08001e60                FPU_IRQHandler
                0x08001e60                DMA2_Stream2_IRQHandler
                0x08001e60                SPI1_IRQHandler
                0x08001e60                TIM1_BRK_TIM9_IRQHandler
                0x08001e60                DMA2_Stream3_IRQHandler
                0x08001e60                USART6_IRQHandler
                0x08001e60                DMA2_Stream0_IRQHandler
                0x08001e60                TIM4_IRQHandler
                0x08001e60                I2C1_EV_IRQHandler
                0x08001e60                DMA1_Stream1_IRQHandler
                0x08001e60                TIM3_IRQHandler
                0x08001e60                RCC_IRQHandler
                0x08001e60                Default_Handler
                0x08001e60                EXTI15_10_IRQHandler
                0x08001e60                ADC_IRQHandler
                0x08001e60                DMA1_Stream7_IRQHandler
                0x08001e60                TIM5_IRQHandler
                0x08001e60                DMA2_Stream7_IRQHandler
                0x08001e60                I2C3_EV_IRQHandler
                0x08001e60                EXTI9_5_IRQHandler
                0x08001e60                RTC_WKUP_IRQHandler
                0x08001e60                SPI2_IRQHandler
                0x08001e60                DMA1_Stream0_IRQHandler
                0x08001e60                EXTI4_IRQHandler
                0x08001e60                WWDG_IRQHandler
                0x08001e60                TIM2_IRQHandler
                0x08001e60                OTG_FS_WKUP_IRQHandler
                0x08001e60                TIM1_TRG_COM_TIM11_IRQHandler
                0x08001e60                EXTI1_IRQHandler
                0x08001e60                I2C2_ER_IRQHandler
                0x08001e60                DMA2_Stream1_IRQHandler
                0x08001e60                FLASH_IRQHandler
                0x08001e60                DMA2_Stream4_IRQHandler
                0x08001e60                USART1_IRQHandler
                0x08001e60                OTG_FS_IRQHandler
                0x08001e60                SPI3_IRQHandler
                0x08001e60                DMA1_Stream4_IRQHandler
                0x08001e60                I2C1_ER_IRQHandler
                0x08001e60                DMA2_Stream6_IRQHandler
                0x08001e60                DMA1_Stream3_IRQHandler
 *fill*         0x08001e62        0x2 
 .text.HAL_Init
                0x08001e64       0x44 ./Drivers/STM32F4xx_HAL_Driver/Src/stm32f4xx_hal.o
                0x08001e64                HAL_Init
 .text.HAL_IncTick
                0x08001ea8       0x28 ./Drivers/STM32F4xx_HAL_Driver/Src/stm32f4xx_hal.o
                0x08001ea8                HAL_IncTick
 .text.HAL_GetTick
                0x08001ed0       0x18 ./Drivers/STM32F4xx_HAL_Driver/Src/stm32f4xx_hal.o
                0x08001ed0                HAL_GetTick
 .text.__NVIC_SetPriorityGrouping
                0x08001ee8       0x48 ./Drivers/STM32F4xx_HAL_Driver/Src/stm32f4xx_hal_cortex.o
 .text.__NVIC_GetPriorityGrouping
                0x08001f30       0x1c ./Drivers/STM32F4xx_HAL_Driver/Src/stm32f4xx_hal_cortex.o
 .text.__NVIC_EnableIRQ
                0x08001f4c       0x3c ./Drivers/STM32F4xx_HAL_Driver/Src/stm32f4xx_hal_cortex.o
 .text.__NVIC_SetPriority
                0x08001f88       0x54 ./Drivers/STM32F4xx_HAL_Driver/Src/stm32f4xx_hal_cortex.o
 .text.NVIC_EncodePriority
                0x08001fdc       0x66 ./Drivers/STM32F4xx_HAL_Driver/Src/stm32f4xx_hal_cortex.o
 .text.HAL_NVIC_SetPriorityGrouping
                0x08002042       0x16 ./Drivers/STM32F4xx_HAL_Driver/Src/stm32f4xx_hal_cortex.o
                0x08002042                HAL_NVIC_SetPriorityGrouping
 .text.HAL_NVIC_SetPriority
                0x08002058       0x38 ./Drivers/STM32F4xx_HAL_Driver/Src/stm32f4xx_hal_cortex.o
                0x08002058                HAL_NVIC_SetPriority
 .text.HAL_NVIC_EnableIRQ
                0x08002090       0x1c ./Drivers/STM32F4xx_HAL_Driver/Src/stm32f4xx_hal_cortex.o
                0x08002090                HAL_NVIC_EnableIRQ
 .text.HAL_DMA_Init
                0x080020ac      0x15c ./Drivers/STM32F4xx_HAL_Driver/Src/stm32f4xx_hal_dma.o
                0x080020ac                HAL_DMA_Init
 .text.HAL_DMA_Start_IT
                0x08002208       0xb0 ./Drivers/STM32F4xx_HAL_Driver/Src/stm32f4xx_hal_dma.o
                0x08002208                HAL_DMA_Start_IT
 .text.HAL_DMA_Abort
                0x080022b8       0xe0 ./Drivers/STM32F4xx_HAL_Driver/Src/stm32f4xx_hal_dma.o
                0x080022b8                HAL_DMA_Abort
 .text.HAL_DMA_Abort_IT
                0x08002398       0x44 ./Drivers/STM32F4xx_HAL_Driver/Src/stm32f4xx_hal_dma.o
                0x08002398                HAL_DMA_Abort_IT
 .text.HAL_DMA_IRQHandler
                0x080023dc      0x314 ./Drivers/STM32F4xx_HAL_Driver/Src/stm32f4xx_hal_dma.o
                0x080023dc                HAL_DMA_IRQHandler
 .text.DMA_SetConfig
                0x080026f0       0x5c ./Drivers/STM32F4xx_HAL_Driver/Src/stm32f4xx_hal_dma.o
 .text.DMA_CalcBaseAndBitshift
                0x0800274c       0x6c ./Drivers/STM32F4xx_HAL_Driver/Src/stm32f4xx_hal_dma.o
 .text.DMA_CheckFifoParam
                0x080027b8       0xf8 ./Drivers/STM32F4xx_HAL_Driver/Src/stm32f4xx_hal_dma.o
 .text.HAL_GPIO_Init
                0x080028b0      0x308 ./Drivers/STM32F4xx_HAL_Driver/Src/stm32f4xx_hal_gpio.o
                0x080028b0                HAL_GPIO_Init
 .text.HAL_GPIO_WritePin
                0x08002bb8       0x32 ./Drivers/STM32F4xx_HAL_Driver/Src/stm32f4xx_hal_gpio.o
                0x08002bb8                HAL_GPIO_WritePin
 *fill*         0x08002bea        0x2 
 .text.HAL_RCC_OscConfig
                0x08002bec      0x4f0 ./Drivers/STM32F4xx_HAL_Driver/Src/stm32f4xx_hal_rcc.o
                0x08002bec                HAL_RCC_OscConfig
 .text.HAL_RCC_ClockConfig
                0x080030dc      0x1cc ./Drivers/STM32F4xx_HAL_Driver/Src/stm32f4xx_hal_rcc.o
                0x080030dc                HAL_RCC_ClockConfig
 .text.HAL_RCC_GetSysClockFreq
                0x080032a8      0x18c ./Drivers/STM32F4xx_HAL_Driver/Src/stm32f4xx_hal_rcc.o
                0x080032a8                HAL_RCC_GetSysClockFreq
 .text.HAL_RCC_GetHCLKFreq
                0x08003434       0x18 ./Drivers/STM32F4xx_HAL_Driver/Src/stm32f4xx_hal_rcc.o
                0x08003434                HAL_RCC_GetHCLKFreq
 .text.HAL_RCC_GetPCLK1Freq
                0x0800344c       0x28 ./Drivers/STM32F4xx_HAL_Driver/Src/stm32f4xx_hal_rcc.o
                0x0800344c                HAL_RCC_GetPCLK1Freq
 .text.HAL_RCC_GetPCLK2Freq
                0x08003474       0x28 ./Drivers/STM32F4xx_HAL_Driver/Src/stm32f4xx_hal_rcc.o
                0x08003474                HAL_RCC_GetPCLK2Freq
 .text.HAL_RCC_GetClockConfig
                0x0800349c       0x64 ./Drivers/STM32F4xx_HAL_Driver/Src/stm32f4xx_hal_rcc.o
                0x0800349c                HAL_RCC_GetClockConfig
 .text.HAL_TIM_Base_Init
                0x08003500       0x9e ./Drivers/STM32F4xx_HAL_Driver/Src/stm32f4xx_hal_tim.o
                0x08003500                HAL_TIM_Base_Init
 .text.HAL_TIM_Base_MspInit
                0x0800359e       0x14 ./Drivers/STM32F4xx_HAL_Driver/Src/stm32f4xx_hal_tim.o
                0x0800359e                HAL_TIM_Base_MspInit
 *fill*         0x080035b2        0x2 
 .text.HAL_TIM_Base_Start_IT
                0x080035b4       0xc4 ./Drivers/STM32F4xx_HAL_Driver/Src/stm32f4xx_hal_tim.o
                0x080035b4                HAL_TIM_Base_Start_IT
 .text.HAL_TIM_IRQHandler
                0x08003678      0x1e0 ./Drivers/STM32F4xx_HAL_Driver/Src/stm32f4xx_hal_tim.o
                0x08003678                HAL_TIM_IRQHandler
 .text.HAL_TIM_OC_DelayElapsedCallback
                0x08003858       0x14 ./Drivers/STM32F4xx_HAL_Driver/Src/stm32f4xx_hal_tim.o
                0x08003858                HAL_TIM_OC_DelayElapsedCallback
 .text.HAL_TIM_IC_CaptureCallback
                0x0800386c       0x14 ./Drivers/STM32F4xx_HAL_Driver/Src/stm32f4xx_hal_tim.o
                0x0800386c                HAL_TIM_IC_CaptureCallback
 .text.HAL_TIM_PWM_PulseFinishedCallback
                0x08003880       0x14 ./Drivers/STM32F4xx_HAL_Driver/Src/stm32f4xx_hal_tim.o
                0x08003880                HAL_TIM_PWM_PulseFinishedCallback
 .text.HAL_TIM_TriggerCallback
                0x08003894       0x14 ./Drivers/STM32F4xx_HAL_Driver/Src/stm32f4xx_hal_tim.o
                0x08003894                HAL_TIM_TriggerCallback
 .text.TIM_Base_SetConfig
                0x080038a8      0x118 ./Drivers/STM32F4xx_HAL_Driver/Src/stm32f4xx_hal_tim.o
                0x080038a8                TIM_Base_SetConfig
 .text.HAL_TIMEx_CommutCallback
                0x080039c0       0x14 ./Drivers/STM32F4xx_HAL_Driver/Src/stm32f4xx_hal_tim_ex.o
                0x080039c0                HAL_TIMEx_CommutCallback
 .text.HAL_TIMEx_BreakCallback
                0x080039d4       0x14 ./Drivers/STM32F4xx_HAL_Driver/Src/stm32f4xx_hal_tim_ex.o
                0x080039d4                HAL_TIMEx_BreakCallback
 .text.HAL_UART_Init
                0x080039e8       0xa0 ./Drivers/STM32F4xx_HAL_Driver/Src/stm32f4xx_hal_uart.o
                0x080039e8                HAL_UART_Init
 .text.HAL_UART_Transmit_DMA
                0x08003a88       0xe0 ./Drivers/STM32F4xx_HAL_Driver/Src/stm32f4xx_hal_uart.o
                0x08003a88                HAL_UART_Transmit_DMA
 .text.HAL_UART_Receive_DMA
                0x08003b68       0x4a ./Drivers/STM32F4xx_HAL_Driver/Src/stm32f4xx_hal_uart.o
                0x08003b68                HAL_UART_Receive_DMA
 .text.HAL_UART_DMAStop
                0x08003bb2       0xfe ./Drivers/STM32F4xx_HAL_Driver/Src/stm32f4xx_hal_uart.o
                0x08003bb2                HAL_UART_DMAStop
 .text.HAL_UART_IRQHandler
                0x08003cb0      0x524 ./Drivers/STM32F4xx_HAL_Driver/Src/stm32f4xx_hal_uart.o
                0x08003cb0                HAL_UART_IRQHandler
 .text.HAL_UART_TxCpltCallback
                0x080041d4       0x14 ./Drivers/STM32F4xx_HAL_Driver/Src/stm32f4xx_hal_uart.o
                0x080041d4                HAL_UART_TxCpltCallback
 .text.HAL_UART_TxHalfCpltCallback
                0x080041e8       0x14 ./Drivers/STM32F4xx_HAL_Driver/Src/stm32f4xx_hal_uart.o
                0x080041e8                HAL_UART_TxHalfCpltCallback
 .text.HAL_UART_RxCpltCallback
                0x080041fc       0x14 ./Drivers/STM32F4xx_HAL_Driver/Src/stm32f4xx_hal_uart.o
                0x080041fc                HAL_UART_RxCpltCallback
 .text.HAL_UART_RxHalfCpltCallback
                0x08004210       0x14 ./Drivers/STM32F4xx_HAL_Driver/Src/stm32f4xx_hal_uart.o
                0x08004210                HAL_UART_RxHalfCpltCallback
 .text.HAL_UART_ErrorCallback
                0x08004224       0x14 ./Drivers/STM32F4xx_HAL_Driver/Src/stm32f4xx_hal_uart.o
                0x08004224                HAL_UART_ErrorCallback
 .text.HAL_UARTEx_RxEventCallback
                0x08004238       0x18 ./Drivers/STM32F4xx_HAL_Driver/Src/stm32f4xx_hal_uart.o
                0x08004238                HAL_UARTEx_RxEventCallback
 .text.UART_DMATransmitCplt
                0x08004250       0x9a ./Drivers/STM32F4xx_HAL_Driver/Src/stm32f4xx_hal_uart.o
 .text.UART_DMATxHalfCplt
                0x080042ea       0x1c ./Drivers/STM32F4xx_HAL_Driver/Src/stm32f4xx_hal_uart.o
 .text.UART_DMAReceiveCplt
                0x08004306      0x12c ./Drivers/STM32F4xx_HAL_Driver/Src/stm32f4xx_hal_uart.o
 .text.UART_DMARxHalfCplt
                0x08004432       0x3c ./Drivers/STM32F4xx_HAL_Driver/Src/stm32f4xx_hal_uart.o
 .text.UART_DMAError
                0x0800446e       0x94 ./Drivers/STM32F4xx_HAL_Driver/Src/stm32f4xx_hal_uart.o
 *fill*         0x08004502        0x2 
 .text.UART_Start_Receive_DMA
                0x08004504      0x134 ./Drivers/STM32F4xx_HAL_Driver/Src/stm32f4xx_hal_uart.o
                0x08004504                UART_Start_Receive_DMA
 .text.UART_EndTxTransfer
                0x08004638       0x50 ./Drivers/STM32F4xx_HAL_Driver/Src/stm32f4xx_hal_uart.o
 .text.UART_EndRxTransfer
                0x08004688       0xc6 ./Drivers/STM32F4xx_HAL_Driver/Src/stm32f4xx_hal_uart.o
 .text.UART_DMAAbortOnError
                0x0800474e       0x28 ./Drivers/STM32F4xx_HAL_Driver/Src/stm32f4xx_hal_uart.o
 .text.UART_Transmit_IT
                0x08004776       0xa0 ./Drivers/STM32F4xx_HAL_Driver/Src/stm32f4xx_hal_uart.o
 .text.UART_EndTransmit_IT
                0x08004816       0x30 ./Drivers/STM32F4xx_HAL_Driver/Src/stm32f4xx_hal_uart.o
 .text.UART_Receive_IT
                0x08004846      0x17c ./Drivers/STM32F4xx_HAL_Driver/Src/stm32f4xx_hal_uart.o
 *fill*         0x080049c2        0x2 
 .text.UART_SetConfig
                0x080049c4      0x4e8 ./Drivers/STM32F4xx_HAL_Driver/Src/stm32f4xx_hal_uart.o
 .text.__NVIC_SetPriority
                0x08004eac       0x54 ./Middlewares/Third_Party/FreeRTOS/Source/CMSIS_RTOS_V2/cmsis_os2.o
 .text.SysTick_Handler
                0x08004f00       0x20 ./Middlewares/Third_Party/FreeRTOS/Source/CMSIS_RTOS_V2/cmsis_os2.o
                0x08004f00                SysTick_Handler
 .text.SVC_Setup
                0x08004f20       0x12 ./Middlewares/Third_Party/FreeRTOS/Source/CMSIS_RTOS_V2/cmsis_os2.o
 *fill*         0x08004f32        0x2 
 .text.osKernelInitialize
                0x08004f34       0x48 ./Middlewares/Third_Party/FreeRTOS/Source/CMSIS_RTOS_V2/cmsis_os2.o
                0x08004f34                osKernelInitialize
 .text.osKernelStart
                0x08004f7c       0x4c ./Middlewares/Third_Party/FreeRTOS/Source/CMSIS_RTOS_V2/cmsis_os2.o
                0x08004f7c                osKernelStart
 .text.osThreadNew
                0x08004fc8      0x124 ./Middlewares/Third_Party/FreeRTOS/Source/CMSIS_RTOS_V2/cmsis_os2.o
                0x08004fc8                osThreadNew
 .text.osDelay  0x080050ec       0x36 ./Middlewares/Third_Party/FreeRTOS/Source/CMSIS_RTOS_V2/cmsis_os2.o
                0x080050ec                osDelay
 *fill*         0x08005122        0x2 
 .text.vApplicationGetIdleTaskMemory
                0x08005124       0x34 ./Middlewares/Third_Party/FreeRTOS/Source/CMSIS_RTOS_V2/cmsis_os2.o
                0x08005124                vApplicationGetIdleTaskMemory
 .text.vApplicationGetTimerTaskMemory
                0x08005158       0x34 ./Middlewares/Third_Party/FreeRTOS/Source/CMSIS_RTOS_V2/cmsis_os2.o
                0x08005158                vApplicationGetTimerTaskMemory
 .text.vListInitialise
                0x0800518c       0x40 ./Middlewares/Third_Party/FreeRTOS/Source/list.o
                0x0800518c                vListInitialise
 .text.vListInitialiseItem
                0x080051cc       0x1a ./Middlewares/Third_Party/FreeRTOS/Source/list.o
                0x080051cc                vListInitialiseItem
 .text.vListInsertEnd
                0x080051e6       0x48 ./Middlewares/Third_Party/FreeRTOS/Source/list.o
                0x080051e6                vListInsertEnd
 .text.vListInsert
                0x0800522e       0x72 ./Middlewares/Third_Party/FreeRTOS/Source/list.o
                0x0800522e                vListInsert
 .text.uxListRemove
                0x080052a0       0x54 ./Middlewares/Third_Party/FreeRTOS/Source/list.o
                0x080052a0                uxListRemove
 .text.xQueueGenericReset
                0x080052f4       0xd4 ./Middlewares/Third_Party/FreeRTOS/Source/queue.o
                0x080052f4                xQueueGenericReset
 .text.xQueueGenericCreateStatic
                0x080053c8       0xfa ./Middlewares/Third_Party/FreeRTOS/Source/queue.o
                0x080053c8                xQueueGenericCreateStatic
 .text.prvInitialiseNewQueue
                0x080054c2       0x46 ./Middlewares/Third_Party/FreeRTOS/Source/queue.o
 .text.xQueueGenericSend
                0x08005508      0x204 ./Middlewares/Third_Party/FreeRTOS/Source/queue.o
                0x08005508                xQueueGenericSend
 .text.xQueueGenericSendFromISR
                0x0800570c      0x13c ./Middlewares/Third_Party/FreeRTOS/Source/queue.o
                0x0800570c                xQueueGenericSendFromISR
 .text.xQueueReceive
                0x08005848      0x1c4 ./Middlewares/Third_Party/FreeRTOS/Source/queue.o
                0x08005848                xQueueReceive
 .text.prvCopyDataToQueue
                0x08005a0c       0xd4 ./Middlewares/Third_Party/FreeRTOS/Source/queue.o
 .text.prvCopyDataFromQueue
                0x08005ae0       0x4c ./Middlewares/Third_Party/FreeRTOS/Source/queue.o
 .text.prvUnlockQueue
                0x08005b2c       0xa4 ./Middlewares/Third_Party/FreeRTOS/Source/queue.o
 .text.prvIsQueueEmpty
                0x08005bd0       0x2c ./Middlewares/Third_Party/FreeRTOS/Source/queue.o
 .text.prvIsQueueFull
                0x08005bfc       0x30 ./Middlewares/Third_Party/FreeRTOS/Source/queue.o
 .text.vQueueAddToRegistry
                0x08005c2c       0x54 ./Middlewares/Third_Party/FreeRTOS/Source/queue.o
                0x08005c2c                vQueueAddToRegistry
 .text.vQueueWaitForMessageRestricted
                0x08005c80       0x68 ./Middlewares/Third_Party/FreeRTOS/Source/queue.o
                0x08005c80                vQueueWaitForMessageRestricted
 .text.xTaskCreateStatic
                0x08005ce8       0xc0 ./Middlewares/Third_Party/FreeRTOS/Source/tasks.o
                0x08005ce8                xTaskCreateStatic
 .text.xTaskCreate
                0x08005da8       0x8a ./Middlewares/Third_Party/FreeRTOS/Source/tasks.o
                0x08005da8                xTaskCreate
 *fill*         0x08005e32        0x2 
 .text.prvInitialiseNewTask
                0x08005e34      0x150 ./Middlewares/Third_Party/FreeRTOS/Source/tasks.o
 .text.prvAddNewTaskToReadyList
                0x08005f84       0xe0 ./Middlewares/Third_Party/FreeRTOS/Source/tasks.o
 .text.vTaskDelay
                0x08006064       0x6c ./Middlewares/Third_Party/FreeRTOS/Source/tasks.o
                0x08006064                vTaskDelay
 .text.vTaskStartScheduler
                0x080060d0       0xe0 ./Middlewares/Third_Party/FreeRTOS/Source/tasks.o
                0x080060d0                vTaskStartScheduler
 .text.vTaskSuspendAll
                0x080061b0       0x1c ./Middlewares/Third_Party/FreeRTOS/Source/tasks.o
                0x080061b0                vTaskSuspendAll
 .text.xTaskResumeAll
                0x080061cc      0x13c ./Middlewares/Third_Party/FreeRTOS/Source/tasks.o
                0x080061cc                xTaskResumeAll
 .text.xTaskGetTickCount
                0x08006308       0x20 ./Middlewares/Third_Party/FreeRTOS/Source/tasks.o
                0x08006308                xTaskGetTickCount
 .text.xTaskIncrementTick
                0x08006328      0x174 ./Middlewares/Third_Party/FreeRTOS/Source/tasks.o
                0x08006328                xTaskIncrementTick
 .text.vTaskSwitchContext
                0x0800649c       0xcc ./Middlewares/Third_Party/FreeRTOS/Source/tasks.o
                0x0800649c                vTaskSwitchContext
 .text.vTaskPlaceOnEventList
                0x08006568       0x4c ./Middlewares/Third_Party/FreeRTOS/Source/tasks.o
                0x08006568                vTaskPlaceOnEventList
 .text.vTaskPlaceOnEventListRestricted
                0x080065b4       0x58 ./Middlewares/Third_Party/FreeRTOS/Source/tasks.o
                0x080065b4                vTaskPlaceOnEventListRestricted
 .text.xTaskRemoveFromEventList
                0x0800660c       0xc8 ./Middlewares/Third_Party/FreeRTOS/Source/tasks.o
                0x0800660c                xTaskRemoveFromEventList
 .text.vTaskSetTimeOutState
                0x080066d4       0x50 ./Middlewares/Third_Party/FreeRTOS/Source/tasks.o
                0x080066d4                vTaskSetTimeOutState
 .text.vTaskInternalSetTimeOutState
                0x08006724       0x2c ./Middlewares/Third_Party/FreeRTOS/Source/tasks.o
                0x08006724                vTaskInternalSetTimeOutState
 .text.xTaskCheckForTimeOut
                0x08006750       0xc8 ./Middlewares/Third_Party/FreeRTOS/Source/tasks.o
                0x08006750                xTaskCheckForTimeOut
 .text.vTaskMissedYield
                0x08006818       0x18 ./Middlewares/Third_Party/FreeRTOS/Source/tasks.o
                0x08006818                vTaskMissedYield
 .text.prvIdleTask
                0x08006830       0x30 ./Middlewares/Third_Party/FreeRTOS/Source/tasks.o
 .text.prvInitialiseTaskLists
                0x08006860       0x80 ./Middlewares/Third_Party/FreeRTOS/Source/tasks.o
 .text.prvCheckTasksWaitingTermination
                0x080068e0       0x5c ./Middlewares/Third_Party/FreeRTOS/Source/tasks.o
 .text.prvDeleteTCB
                0x0800693c       0x6a ./Middlewares/Third_Party/FreeRTOS/Source/tasks.o
 *fill*         0x080069a6        0x2 
 .text.prvResetNextTaskUnblockTime
                0x080069a8       0x40 ./Middlewares/Third_Party/FreeRTOS/Source/tasks.o
 .text.xTaskGetSchedulerState
                0x080069e8       0x3c ./Middlewares/Third_Party/FreeRTOS/Source/tasks.o
                0x080069e8                xTaskGetSchedulerState
 .text.xTaskPriorityDisinherit
                0x08006a24       0xe0 ./Middlewares/Third_Party/FreeRTOS/Source/tasks.o
                0x08006a24                xTaskPriorityDisinherit
 .text.prvAddCurrentTaskToDelayedList
                0x08006b04       0xa8 ./Middlewares/Third_Party/FreeRTOS/Source/tasks.o
 .text.xTimerCreateTimerTask
                0x08006bac       0x94 ./Middlewares/Third_Party/FreeRTOS/Source/timers.o
                0x08006bac                xTimerCreateTimerTask
 .text.xTimerGenericCommand
                0x08006c40       0x9c ./Middlewares/Third_Party/FreeRTOS/Source/timers.o
                0x08006c40                xTimerGenericCommand
 .text.prvProcessExpiredTimer
                0x08006cdc       0x9c ./Middlewares/Third_Party/FreeRTOS/Source/timers.o
 .text.prvTimerTask
                0x08006d78       0x26 ./Middlewares/Third_Party/FreeRTOS/Source/timers.o
 *fill*         0x08006d9e        0x2 
 .text.prvProcessTimerOrBlockTask
                0x08006da0       0x9c ./Middlewares/Third_Party/FreeRTOS/Source/timers.o
 .text.prvGetNextExpireTime
                0x08006e3c       0x48 ./Middlewares/Third_Party/FreeRTOS/Source/timers.o
 .text.prvSampleTimeNow
                0x08006e84       0x40 ./Middlewares/Third_Party/FreeRTOS/Source/timers.o
 .text.prvInsertTimerInActiveList
                0x08006ec4       0x84 ./Middlewares/Third_Party/FreeRTOS/Source/timers.o
 .text.prvProcessReceivedCommands
                0x08006f48      0x1cc ./Middlewares/Third_Party/FreeRTOS/Source/timers.o
 .text.prvSwitchTimerLists
                0x08007114       0xcc ./Middlewares/Third_Party/FreeRTOS/Source/timers.o
 .text.prvCheckForValidListAndQueue
                0x080071e0       0x80 ./Middlewares/Third_Party/FreeRTOS/Source/timers.o
 .text.pxPortInitialiseStack
                0x08007260       0x68 ./Middlewares/Third_Party/FreeRTOS/Source/portable/GCC/ARM_CM4F/port.o
                0x08007260                pxPortInitialiseStack
 .text.prvTaskExitError
                0x080072c8       0x5c ./Middlewares/Third_Party/FreeRTOS/Source/portable/GCC/ARM_CM4F/port.o
 *fill*         0x08007324        0xc 
 .text.SVC_Handler
                0x08007330       0x28 ./Middlewares/Third_Party/FreeRTOS/Source/portable/GCC/ARM_CM4F/port.o
                0x08007330                SVC_Handler
 .text.prvPortStartFirstTask
                0x08007358       0x28 ./Middlewares/Third_Party/FreeRTOS/Source/portable/GCC/ARM_CM4F/port.o
 .text.xPortStartScheduler
                0x08007380      0x148 ./Middlewares/Third_Party/FreeRTOS/Source/portable/GCC/ARM_CM4F/port.o
                0x08007380                xPortStartScheduler
 .text.vPortEnterCritical
                0x080074c8       0x64 ./Middlewares/Third_Party/FreeRTOS/Source/portable/GCC/ARM_CM4F/port.o
                0x080074c8                vPortEnterCritical
 .text.vPortExitCritical
                0x0800752c       0x54 ./Middlewares/Third_Party/FreeRTOS/Source/portable/GCC/ARM_CM4F/port.o
                0x0800752c                vPortExitCritical
 .text.PendSV_Handler
                0x08007580       0x68 ./Middlewares/Third_Party/FreeRTOS/Source/portable/GCC/ARM_CM4F/port.o
                0x08007580                PendSV_Handler
 .text.xPortSysTickHandler
                0x080075e8       0x44 ./Middlewares/Third_Party/FreeRTOS/Source/portable/GCC/ARM_CM4F/port.o
                0x080075e8                xPortSysTickHandler
 .text.vPortSetupTimerInterrupt
                0x0800762c       0x48 ./Middlewares/Third_Party/FreeRTOS/Source/portable/GCC/ARM_CM4F/port.o
                0x0800762c                vPortSetupTimerInterrupt
 .text.vPortEnableVFP
                0x08007674       0x14 ./Middlewares/Third_Party/FreeRTOS/Source/portable/GCC/ARM_CM4F/port.o
 .text.vPortValidateInterruptPriority
                0x08007688       0x84 ./Middlewares/Third_Party/FreeRTOS/Source/portable/GCC/ARM_CM4F/port.o
                0x08007688                vPortValidateInterruptPriority
 .text.pvPortMalloc
                0x0800770c      0x19c ./Middlewares/Third_Party/FreeRTOS/Source/portable/MemMang/heap_4.o
                0x0800770c                pvPortMalloc
 .text.vPortFree
                0x080078a8       0xc8 ./Middlewares/Third_Party/FreeRTOS/Source/portable/MemMang/heap_4.o
                0x080078a8                vPortFree
 .text.prvHeapInit
                0x08007970       0xc4 ./Middlewares/Third_Party/FreeRTOS/Source/portable/MemMang/heap_4.o
 .text.prvInsertBlockIntoFreeList
                0x08007a34       0xb4 ./Middlewares/Third_Party/FreeRTOS/Source/portable/MemMang/heap_4.o
 .text.rosidl_typesupport_c__get_message_type_support_handle__geometry_msgs__msg__Point
                0x08007ae8       0x1c ../micro_ros_stm32cubemx_utils/microros_static_library_ide/libmicroros/libmicroros.a(libgeometry_msgs__rosidl_typesupport_c-point__type_support.cpp.obj)
                0x08007ae8                rosidl_typesupport_c__get_message_type_support_handle__geometry_msgs__msg__Point
 .text.startup._GLOBAL__sub_I_rosidl_typesupport_c__get_message_type_support_handle__geometry_msgs__msg__Point
                0x08007b04       0x14 ../micro_ros_stm32cubemx_utils/microros_static_library_ide/libmicroros/libmicroros.a(libgeometry_msgs__rosidl_typesupport_c-point__type_support.cpp.obj)
 .text.geometry_msgs__msg__Point__rosidl_typesupport_introspection_c__Point_init_function
                0x08007b18        0x4 ../micro_ros_stm32cubemx_utils/microros_static_library_ide/libmicroros/libmicroros.a(libgeometry_msgs__rosidl_typesupport_introspection_c-point__type_support.c.obj)
                0x08007b18                geometry_msgs__msg__Point__rosidl_typesupport_introspection_c__Point_init_function
 .text.geometry_msgs__msg__Point__rosidl_typesupport_introspection_c__Point_fini_function
                0x08007b1c        0x4 ../micro_ros_stm32cubemx_utils/microros_static_library_ide/libmicroros/libmicroros.a(libgeometry_msgs__rosidl_typesupport_introspection_c-point__type_support.c.obj)
                0x08007b1c                geometry_msgs__msg__Point__rosidl_typesupport_introspection_c__Point_fini_function
 .text.rosidl_typesupport_introspection_c__get_message_type_support_handle__geometry_msgs__msg__Point
                0x08007b20       0x1c ../micro_ros_stm32cubemx_utils/microros_static_library_ide/libmicroros/libmicroros.a(libgeometry_msgs__rosidl_typesupport_introspection_c-point__type_support.c.obj)
                0x08007b20                rosidl_typesupport_introspection_c__get_message_type_support_handle__geometry_msgs__msg__Point
 .text.get_serialized_size_geometry_msgs__msg__Point
                0x08007b3c       0x34 ../micro_ros_stm32cubemx_utils/microros_static_library_ide/libmicroros/libmicroros.a(libgeometry_msgs__rosidl_typesupport_microxrcedds_c-point__type_support_c.c.obj)
                0x08007b3c                get_serialized_size_geometry_msgs__msg__Point
 .text._Point__cdr_deserialize
                0x08007b70       0x28 ../micro_ros_stm32cubemx_utils/microros_static_library_ide/libmicroros/libmicroros.a(libgeometry_msgs__rosidl_typesupport_microxrcedds_c-point__type_support_c.c.obj)
 .text._Point__cdr_serialize
                0x08007b98       0x2c ../micro_ros_stm32cubemx_utils/microros_static_library_ide/libmicroros/libmicroros.a(libgeometry_msgs__rosidl_typesupport_microxrcedds_c-point__type_support_c.c.obj)
 .text._Point__get_serialized_size
                0x08007bc4       0x2c ../micro_ros_stm32cubemx_utils/microros_static_library_ide/libmicroros/libmicroros.a(libgeometry_msgs__rosidl_typesupport_microxrcedds_c-point__type_support_c.c.obj)
 .text._Point__max_serialized_size
                0x08007bf0       0x2c ../micro_ros_stm32cubemx_utils/microros_static_library_ide/libmicroros/libmicroros.a(libgeometry_msgs__rosidl_typesupport_microxrcedds_c-point__type_support_c.c.obj)
 .text.rosidl_typesupport_microxrcedds_c__get_message_type_support_handle__geometry_msgs__msg__Point
                0x08007c1c        0x8 ../micro_ros_stm32cubemx_utils/microros_static_library_ide/libmicroros/libmicroros.a(libgeometry_msgs__rosidl_typesupport_microxrcedds_c-point__type_support_c.c.obj)
                0x08007c1c                rosidl_typesupport_microxrcedds_c__get_message_type_support_handle__geometry_msgs__msg__Point
 .text.ucdr_serialize_bool
                0x08007c24       0x2c ../micro_ros_stm32cubemx_utils/microros_static_library_ide/libmicroros/libmicroros.a(libmicrocdr-basic.c.obj)
                0x08007c24                ucdr_serialize_bool
 .text.ucdr_deserialize_bool
                0x08007c50       0x30 ../micro_ros_stm32cubemx_utils/microros_static_library_ide/libmicroros/libmicroros.a(libmicrocdr-basic.c.obj)
                0x08007c50                ucdr_deserialize_bool
 .text.ucdr_serialize_uint8_t
                0x08007c80       0x2c ../micro_ros_stm32cubemx_utils/microros_static_library_ide/libmicroros/libmicroros.a(libmicrocdr-basic.c.obj)
                0x08007c80                ucdr_serialize_uint8_t
 .text.ucdr_deserialize_uint8_t
                0x08007cac       0x2c ../micro_ros_stm32cubemx_utils/microros_static_library_ide/libmicroros/libmicroros.a(libmicrocdr-basic.c.obj)
                0x08007cac                ucdr_deserialize_uint8_t
 .text.ucdr_serialize_uint16_t
                0x08007cd8      0x100 ../micro_ros_stm32cubemx_utils/microros_static_library_ide/libmicroros/libmicroros.a(libmicrocdr-basic.c.obj)
                0x08007cd8                ucdr_serialize_uint16_t
 .text.ucdr_serialize_endian_uint16_t
                0x08007dd8      0x100 ../micro_ros_stm32cubemx_utils/microros_static_library_ide/libmicroros/libmicroros.a(libmicrocdr-basic.c.obj)
                0x08007dd8                ucdr_serialize_endian_uint16_t
 .text.ucdr_deserialize_uint16_t
                0x08007ed8       0xe8 ../micro_ros_stm32cubemx_utils/microros_static_library_ide/libmicroros/libmicroros.a(libmicrocdr-basic.c.obj)
                0x08007ed8                ucdr_deserialize_uint16_t
 .text.ucdr_deserialize_endian_uint16_t
                0x08007fc0       0xec ../micro_ros_stm32cubemx_utils/microros_static_library_ide/libmicroros/libmicroros.a(libmicrocdr-basic.c.obj)
                0x08007fc0                ucdr_deserialize_endian_uint16_t
 .text.ucdr_serialize_uint32_t
                0x080080ac      0x130 ../micro_ros_stm32cubemx_utils/microros_static_library_ide/libmicroros/libmicroros.a(libmicrocdr-basic.c.obj)
                0x080080ac                ucdr_serialize_uint32_t
 .text.ucdr_serialize_endian_uint32_t
                0x080081dc      0x130 ../micro_ros_stm32cubemx_utils/microros_static_library_ide/libmicroros/libmicroros.a(libmicrocdr-basic.c.obj)
                0x080081dc                ucdr_serialize_endian_uint32_t
 .text.ucdr_deserialize_uint32_t
                0x0800830c      0x120 ../micro_ros_stm32cubemx_utils/microros_static_library_ide/libmicroros/libmicroros.a(libmicrocdr-basic.c.obj)
                0x0800830c                ucdr_deserialize_uint32_t
 .text.ucdr_deserialize_endian_uint32_t
                0x0800842c      0x12c ../micro_ros_stm32cubemx_utils/microros_static_library_ide/libmicroros/libmicroros.a(libmicrocdr-basic.c.obj)
                0x0800842c                ucdr_deserialize_endian_uint32_t
 .text.ucdr_serialize_uint64_t
                0x08008558      0x1a0 ../micro_ros_stm32cubemx_utils/microros_static_library_ide/libmicroros/libmicroros.a(libmicrocdr-basic.c.obj)
                0x08008558                ucdr_serialize_uint64_t
 .text.ucdr_serialize_int16_t
                0x080086f8      0x100 ../micro_ros_stm32cubemx_utils/microros_static_library_ide/libmicroros/libmicroros.a(libmicrocdr-basic.c.obj)
                0x080086f8                ucdr_serialize_int16_t
 .text.ucdr_deserialize_int16_t
                0x080087f8       0xe8 ../micro_ros_stm32cubemx_utils/microros_static_library_ide/libmicroros/libmicroros.a(libmicrocdr-basic.c.obj)
                0x080087f8                ucdr_deserialize_int16_t
 .text.ucdr_serialize_int32_t
                0x080088e0      0x130 ../micro_ros_stm32cubemx_utils/microros_static_library_ide/libmicroros/libmicroros.a(libmicrocdr-basic.c.obj)
                0x080088e0                ucdr_serialize_int32_t
 .text.ucdr_deserialize_int32_t
                0x08008a10      0x120 ../micro_ros_stm32cubemx_utils/microros_static_library_ide/libmicroros/libmicroros.a(libmicrocdr-basic.c.obj)
                0x08008a10                ucdr_deserialize_int32_t
 .text.ucdr_serialize_double
                0x08008b30      0x1a0 ../micro_ros_stm32cubemx_utils/microros_static_library_ide/libmicroros/libmicroros.a(libmicrocdr-basic.c.obj)
                0x08008b30                ucdr_serialize_double
 .text.ucdr_deserialize_double
                0x08008cd0      0x18c ../micro_ros_stm32cubemx_utils/microros_static_library_ide/libmicroros/libmicroros.a(libmicrocdr-basic.c.obj)
                0x08008cd0                ucdr_deserialize_double
 .text.ucdr_check_buffer_available_for
                0x08008e5c       0x18 ../micro_ros_stm32cubemx_utils/microros_static_library_ide/libmicroros/libmicroros.a(libmicrocdr-common.c.obj)
                0x08008e5c                ucdr_check_buffer_available_for
 .text.ucdr_check_final_buffer_behavior
                0x08008e74       0x38 ../micro_ros_stm32cubemx_utils/microros_static_library_ide/libmicroros/libmicroros.a(libmicrocdr-common.c.obj)
                0x08008e74                ucdr_check_final_buffer_behavior
 .text.ucdr_set_on_full_buffer_callback
                0x08008eac        0x8 ../micro_ros_stm32cubemx_utils/microros_static_library_ide/libmicroros/libmicroros.a(libmicrocdr-common.c.obj)
                0x08008eac                ucdr_set_on_full_buffer_callback
 .text.ucdr_init_buffer_origin_offset_endian
                0x08008eb4       0x2c ../micro_ros_stm32cubemx_utils/microros_static_library_ide/libmicroros/libmicroros.a(libmicrocdr-common.c.obj)
                0x08008eb4                ucdr_init_buffer_origin_offset_endian
 .text.ucdr_init_buffer_origin_offset
                0x08008ee0       0x14 ../micro_ros_stm32cubemx_utils/microros_static_library_ide/libmicroros/libmicroros.a(libmicrocdr-common.c.obj)
                0x08008ee0                ucdr_init_buffer_origin_offset
 .text.ucdr_init_buffer_origin
                0x08008ef4       0x10 ../micro_ros_stm32cubemx_utils/microros_static_library_ide/libmicroros/libmicroros.a(libmicrocdr-common.c.obj)
                0x08008ef4                ucdr_init_buffer_origin
 .text.ucdr_init_buffer
                0x08008f04        0x8 ../micro_ros_stm32cubemx_utils/microros_static_library_ide/libmicroros/libmicroros.a(libmicrocdr-common.c.obj)
                0x08008f04                ucdr_init_buffer
 .text.ucdr_alignment
                0x08008f0c       0x10 ../micro_ros_stm32cubemx_utils/microros_static_library_ide/libmicroros/libmicroros.a(libmicrocdr-common.c.obj)
                0x08008f0c                ucdr_alignment
 .text.ucdr_buffer_alignment
                0x08008f1c       0x1c ../micro_ros_stm32cubemx_utils/microros_static_library_ide/libmicroros/libmicroros.a(libmicrocdr-common.c.obj)
                0x08008f1c                ucdr_buffer_alignment
 .text.ucdr_align_to
                0x08008f38       0x24 ../micro_ros_stm32cubemx_utils/microros_static_library_ide/libmicroros/libmicroros.a(libmicrocdr-common.c.obj)
                0x08008f38                ucdr_align_to
 .text.ucdr_buffer_length
                0x08008f5c        0x8 ../micro_ros_stm32cubemx_utils/microros_static_library_ide/libmicroros/libmicroros.a(libmicrocdr-common.c.obj)
                0x08008f5c                ucdr_buffer_length
 .text.ucdr_buffer_remaining
                0x08008f64        0x8 ../micro_ros_stm32cubemx_utils/microros_static_library_ide/libmicroros/libmicroros.a(libmicrocdr-common.c.obj)
                0x08008f64                ucdr_buffer_remaining
 .text.ucdr_check_final_buffer_behavior_array
                0x08008f6c       0x38 ../micro_ros_stm32cubemx_utils/microros_static_library_ide/libmicroros/libmicroros.a(libmicrocdr-common.c.obj)
                0x08008f6c                ucdr_check_final_buffer_behavior_array
 .text.ucdr_advance_buffer
                0x08008fa4       0x40 ../micro_ros_stm32cubemx_utils/microros_static_library_ide/libmicroros/libmicroros.a(libmicrocdr-common.c.obj)
                0x08008fa4                ucdr_advance_buffer
 .text.rcl_get_zero_initialized_publisher
                0x08008fe4        0xc ../micro_ros_stm32cubemx_utils/microros_static_library_ide/libmicroros/libmicroros.a(librcl-publisher.c.obj)
                0x08008fe4                rcl_get_zero_initialized_publisher
 .text.rcl_publisher_init
                0x08008ff0      0x12c ../micro_ros_stm32cubemx_utils/microros_static_library_ide/libmicroros/libmicroros.a(librcl-publisher.c.obj)
                0x08008ff0                rcl_publisher_init
 .text.rcl_publisher_get_default_options
                0x0800911c       0x5c ../micro_ros_stm32cubemx_utils/microros_static_library_ide/libmicroros/libmicroros.a(librcl-publisher.c.obj)
                0x0800911c                rcl_publisher_get_default_options
 .text.rcl_publish
                0x08009178       0x48 ../micro_ros_stm32cubemx_utils/microros_static_library_ide/libmicroros/libmicroros.a(librcl-publisher.c.obj)
                0x08009178                rcl_publish
 .text.rclc_support_init
                0x080091c0       0x94 ../micro_ros_stm32cubemx_utils/microros_static_library_ide/libmicroros/libmicroros.a(librclc-init.c.obj)
                0x080091c0                rclc_support_init
 .text.rclc_node_init_default
                0x08009254       0x78 ../micro_ros_stm32cubemx_utils/microros_static_library_ide/libmicroros/libmicroros.a(librclc-node.c.obj)
                0x08009254                rclc_node_init_default
 .text.rclc_publisher_init_default
                0x080092cc       0x68 ../micro_ros_stm32cubemx_utils/microros_static_library_ide/libmicroros/libmicroros.a(librclc-publisher.c.obj)
                0x080092cc                rclc_publisher_init_default
 .text.__default_zero_allocate
                0x08009334        0x4 ../micro_ros_stm32cubemx_utils/microros_static_library_ide/libmicroros/libmicroros.a(librcutils-allocator.c.obj)
 .text.__default_reallocate
                0x08009338        0x4 ../micro_ros_stm32cubemx_utils/microros_static_library_ide/libmicroros/libmicroros.a(librcutils-allocator.c.obj)
 .text.__default_deallocate
                0x0800933c        0x4 ../micro_ros_stm32cubemx_utils/microros_static_library_ide/libmicroros/libmicroros.a(librcutils-allocator.c.obj)
 .text.__default_allocate
                0x08009340        0x4 ../micro_ros_stm32cubemx_utils/microros_static_library_ide/libmicroros/libmicroros.a(librcutils-allocator.c.obj)
 .text.rcutils_get_zero_initialized_allocator
                0x08009344       0x1c ../micro_ros_stm32cubemx_utils/microros_static_library_ide/libmicroros/libmicroros.a(librcutils-allocator.c.obj)
                0x08009344                rcutils_get_zero_initialized_allocator
 .text.rcutils_set_default_allocator
                0x08009360       0x3c ../micro_ros_stm32cubemx_utils/microros_static_library_ide/libmicroros/libmicroros.a(librcutils-allocator.c.obj)
                0x08009360                rcutils_set_default_allocator
 .text.rcutils_get_default_allocator
                0x0800939c       0x1c ../micro_ros_stm32cubemx_utils/microros_static_library_ide/libmicroros/libmicroros.a(librcutils-allocator.c.obj)
                0x0800939c                rcutils_get_default_allocator
 .text.rcutils_allocator_is_valid
                0x080093b8       0x1c ../micro_ros_stm32cubemx_utils/microros_static_library_ide/libmicroros/libmicroros.a(librcutils-allocator.c.obj)
                0x080093b8                rcutils_allocator_is_valid
 .text.rcutils_get_error_string
                0x080093d4       0x2c ../micro_ros_stm32cubemx_utils/microros_static_library_ide/libmicroros/libmicroros.a(librcutils-error_handling.c.obj)
                0x080093d4                rcutils_get_error_string
 .text.rcutils_reset_error
                0x08009400       0x38 ../micro_ros_stm32cubemx_utils/microros_static_library_ide/libmicroros/libmicroros.a(librcutils-error_handling.c.obj)
                0x08009400                rcutils_reset_error
 .text.rmw_get_default_publisher_options
                0x08009438        0x8 ../micro_ros_stm32cubemx_utils/microros_static_library_ide/libmicroros/libmicroros.a(librmw-publisher_options.c.obj)
                0x08009438                rmw_get_default_publisher_options
 .text.rmw_uros_set_custom_transport
                0x08009440       0x2c ../micro_ros_stm32cubemx_utils/microros_static_library_ide/libmicroros/libmicroros.a(librmw_microxrcedds-custom_transport.c.obj)
                0x08009440                rmw_uros_set_custom_transport
 .text.flush_session
                0x0800946c        0x8 ../micro_ros_stm32cubemx_utils/microros_static_library_ide/libmicroros/libmicroros.a(librmw_microxrcedds-rmw_publish.c.obj)
                0x0800946c                flush_session
 .text.rmw_publish
                0x08009474       0xc0 ../micro_ros_stm32cubemx_utils/microros_static_library_ide/libmicroros/libmicroros.a(librmw_microxrcedds-rmw_publish.c.obj)
                0x08009474                rmw_publish
 .text.rmw_create_publisher
                0x08009534      0x1bc ../micro_ros_stm32cubemx_utils/microros_static_library_ide/libmicroros/libmicroros.a(librmw_microxrcedds-rmw_publisher.c.obj)
                0x08009534                rmw_create_publisher
 .text.rmw_publisher_get_actual_qos
                0x080096f0       0x20 ../micro_ros_stm32cubemx_utils/microros_static_library_ide/libmicroros/libmicroros.a(librmw_microxrcedds-rmw_publisher.c.obj)
                0x080096f0                rmw_publisher_get_actual_qos
 .text.rmw_destroy_publisher
                0x08009710       0xa4 ../micro_ros_stm32cubemx_utils/microros_static_library_ide/libmicroros/libmicroros.a(librmw_microxrcedds-rmw_publisher.c.obj)
                0x08009710                rmw_destroy_publisher
 .text.rmw_uxrce_init_service_memory
                0x080097b4       0x40 ../micro_ros_stm32cubemx_utils/microros_static_library_ide/libmicroros/libmicroros.a(librmw_microxrcedds-types.c.obj)
                0x080097b4                rmw_uxrce_init_service_memory
 .text.rmw_uxrce_init_client_memory
                0x080097f4       0x40 ../micro_ros_stm32cubemx_utils/microros_static_library_ide/libmicroros/libmicroros.a(librmw_microxrcedds-types.c.obj)
                0x080097f4                rmw_uxrce_init_client_memory
 .text.rmw_uxrce_init_publisher_memory
                0x08009834       0x40 ../micro_ros_stm32cubemx_utils/microros_static_library_ide/libmicroros/libmicroros.a(librmw_microxrcedds-types.c.obj)
                0x08009834                rmw_uxrce_init_publisher_memory
 .text.rmw_uxrce_init_subscription_memory
                0x08009874       0x40 ../micro_ros_stm32cubemx_utils/microros_static_library_ide/libmicroros/libmicroros.a(librmw_microxrcedds-types.c.obj)
                0x08009874                rmw_uxrce_init_subscription_memory
 .text.rmw_uxrce_init_node_memory
                0x080098b4       0x40 ../micro_ros_stm32cubemx_utils/microros_static_library_ide/libmicroros/libmicroros.a(librmw_microxrcedds-types.c.obj)
                0x080098b4                rmw_uxrce_init_node_memory
 .text.rmw_uxrce_init_session_memory
                0x080098f4       0x40 ../micro_ros_stm32cubemx_utils/microros_static_library_ide/libmicroros/libmicroros.a(librmw_microxrcedds-types.c.obj)
                0x080098f4                rmw_uxrce_init_session_memory
 .text.rmw_uxrce_init_topic_memory
                0x08009934       0x40 ../micro_ros_stm32cubemx_utils/microros_static_library_ide/libmicroros/libmicroros.a(librmw_microxrcedds-types.c.obj)
                0x08009934                rmw_uxrce_init_topic_memory
 .text.rmw_uxrce_init_static_input_buffer_memory
                0x08009974       0x40 ../micro_ros_stm32cubemx_utils/microros_static_library_ide/libmicroros/libmicroros.a(librmw_microxrcedds-types.c.obj)
                0x08009974                rmw_uxrce_init_static_input_buffer_memory
 .text.rmw_uxrce_init_init_options_impl_memory
                0x080099b4       0x40 ../micro_ros_stm32cubemx_utils/microros_static_library_ide/libmicroros/libmicroros.a(librmw_microxrcedds-types.c.obj)
                0x080099b4                rmw_uxrce_init_init_options_impl_memory
 .text.rmw_uxrce_init_wait_set_memory
                0x080099f4       0x40 ../micro_ros_stm32cubemx_utils/microros_static_library_ide/libmicroros/libmicroros.a(librmw_microxrcedds-types.c.obj)
                0x080099f4                rmw_uxrce_init_wait_set_memory
 .text.rmw_uxrce_init_guard_condition_memory
                0x08009a34       0x40 ../micro_ros_stm32cubemx_utils/microros_static_library_ide/libmicroros/libmicroros.a(librmw_microxrcedds-types.c.obj)
                0x08009a34                rmw_uxrce_init_guard_condition_memory
 .text.rmw_uxrce_fini_session_memory
                0x08009a74        0xc ../micro_ros_stm32cubemx_utils/microros_static_library_ide/libmicroros/libmicroros.a(librmw_microxrcedds-types.c.obj)
                0x08009a74                rmw_uxrce_fini_session_memory
 .text.rmw_uxrce_fini_node_memory
                0x08009a80       0x30 ../micro_ros_stm32cubemx_utils/microros_static_library_ide/libmicroros/libmicroros.a(librmw_microxrcedds-types.c.obj)
                0x08009a80                rmw_uxrce_fini_node_memory
 .text.rmw_uxrce_fini_publisher_memory
                0x08009ab0       0x2c ../micro_ros_stm32cubemx_utils/microros_static_library_ide/libmicroros/libmicroros.a(librmw_microxrcedds-types.c.obj)
                0x08009ab0                rmw_uxrce_fini_publisher_memory
 .text.rmw_uxrce_fini_subscription_memory
                0x08009adc       0x2c ../micro_ros_stm32cubemx_utils/microros_static_library_ide/libmicroros/libmicroros.a(librmw_microxrcedds-types.c.obj)
                0x08009adc                rmw_uxrce_fini_subscription_memory
 .text.rmw_uxrce_fini_service_memory
                0x08009b08       0x2c ../micro_ros_stm32cubemx_utils/microros_static_library_ide/libmicroros/libmicroros.a(librmw_microxrcedds-types.c.obj)
                0x08009b08                rmw_uxrce_fini_service_memory
 .text.rmw_uxrce_fini_client_memory
                0x08009b34       0x2c ../micro_ros_stm32cubemx_utils/microros_static_library_ide/libmicroros/libmicroros.a(librmw_microxrcedds-types.c.obj)
                0x08009b34                rmw_uxrce_fini_client_memory
 .text.rmw_uxrce_fini_topic_memory
                0x08009b60       0x18 ../micro_ros_stm32cubemx_utils/microros_static_library_ide/libmicroros/libmicroros.a(librmw_microxrcedds-types.c.obj)
                0x08009b60                rmw_uxrce_fini_topic_memory
 .text.rmw_uxrce_get_static_input_buffer_for_entity
                0x08009b78       0xa0 ../micro_ros_stm32cubemx_utils/microros_static_library_ide/libmicroros/libmicroros.a(librmw_microxrcedds-types.c.obj)
                0x08009b78                rmw_uxrce_get_static_input_buffer_for_entity
 .text.run_xrce_session
                0x08009c18       0x38 ../micro_ros_stm32cubemx_utils/microros_static_library_ide/libmicroros/libmicroros.a(librmw_microxrcedds-utils.c.obj)
                0x08009c18                run_xrce_session
 .text.convert_qos_profile
                0x08009c50       0x34 ../micro_ros_stm32cubemx_utils/microros_static_library_ide/libmicroros/libmicroros.a(librmw_microxrcedds-utils.c.obj)
                0x08009c50                convert_qos_profile
 .text.generate_type_name
                0x08009c84       0x60 ../micro_ros_stm32cubemx_utils/microros_static_library_ide/libmicroros/libmicroros.a(librmw_microxrcedds-utils.c.obj)
                0x08009c84                generate_type_name
 .text.generate_topic_name
                0x08009ce4       0x34 ../micro_ros_stm32cubemx_utils/microros_static_library_ide/libmicroros/libmicroros.a(librmw_microxrcedds-utils.c.obj)
                0x08009ce4                generate_topic_name
 .text.is_uxrce_rmw_identifier_valid
                0x08009d18       0x1c ../micro_ros_stm32cubemx_utils/microros_static_library_ide/libmicroros/libmicroros.a(librmw_microxrcedds-utils.c.obj)
                0x08009d18                is_uxrce_rmw_identifier_valid
 .text.get_message_typesupport_handle
                0x08009d34        0x4 ../micro_ros_stm32cubemx_utils/microros_static_library_ide/libmicroros/libmicroros.a(librosidl_runtime_c-message_type_support.c.obj)
                0x08009d34                get_message_typesupport_handle
 .text.get_message_typesupport_handle_function
                0x08009d38       0x14 ../micro_ros_stm32cubemx_utils/microros_static_library_ide/libmicroros/libmicroros.a(librosidl_runtime_c-message_type_support.c.obj)
                0x08009d38                get_message_typesupport_handle_function
 .text.rosidl_typesupport_c__get_message_typesupport_handle_function
                0x08009d4c       0x5c ../micro_ros_stm32cubemx_utils/microros_static_library_ide/libmicroros/libmicroros.a(librosidl_typesupport_c-message_type_support_dispatch.cpp.obj)
                0x08009d4c                rosidl_typesupport_c__get_message_typesupport_handle_function
 .text.rosidl_typesupport_c__get_message_type_support_handle__std_msgs__msg__Int32
                0x08009da8       0x1c ../micro_ros_stm32cubemx_utils/microros_static_library_ide/libmicroros/libmicroros.a(libstd_msgs__rosidl_typesupport_c-int32__type_support.cpp.obj)
                0x08009da8                rosidl_typesupport_c__get_message_type_support_handle__std_msgs__msg__Int32
 .text.startup._GLOBAL__sub_I_rosidl_typesupport_c__get_message_type_support_handle__std_msgs__msg__Int32
                0x08009dc4       0x14 ../micro_ros_stm32cubemx_utils/microros_static_library_ide/libmicroros/libmicroros.a(libstd_msgs__rosidl_typesupport_c-int32__type_support.cpp.obj)
 .text.std_msgs__msg__Int32__rosidl_typesupport_introspection_c__Int32_init_function
                0x08009dd8        0x4 ../micro_ros_stm32cubemx_utils/microros_static_library_ide/libmicroros/libmicroros.a(libstd_msgs__rosidl_typesupport_introspection_c-int32__type_support.c.obj)
                0x08009dd8                std_msgs__msg__Int32__rosidl_typesupport_introspection_c__Int32_init_function
 .text.std_msgs__msg__Int32__rosidl_typesupport_introspection_c__Int32_fini_function
                0x08009ddc        0x4 ../micro_ros_stm32cubemx_utils/microros_static_library_ide/libmicroros/libmicroros.a(libstd_msgs__rosidl_typesupport_introspection_c-int32__type_support.c.obj)
                0x08009ddc                std_msgs__msg__Int32__rosidl_typesupport_introspection_c__Int32_fini_function
 .text.rosidl_typesupport_introspection_c__get_message_type_support_handle__std_msgs__msg__Int32
                0x08009de0       0x1c ../micro_ros_stm32cubemx_utils/microros_static_library_ide/libmicroros/libmicroros.a(libstd_msgs__rosidl_typesupport_introspection_c-int32__type_support.c.obj)
                0x08009de0                rosidl_typesupport_introspection_c__get_message_type_support_handle__std_msgs__msg__Int32
 .text._Int32__max_serialized_size
                0x08009dfc       0x10 ../micro_ros_stm32cubemx_utils/microros_static_library_ide/libmicroros/libmicroros.a(libstd_msgs__rosidl_typesupport_microxrcedds_c-int32__type_support_c.c.obj)
 .text._Int32__cdr_deserialize
                0x08009e0c        0xc ../micro_ros_stm32cubemx_utils/microros_static_library_ide/libmicroros/libmicroros.a(libstd_msgs__rosidl_typesupport_microxrcedds_c-int32__type_support_c.c.obj)
 .text.get_serialized_size_std_msgs__msg__Int32
                0x08009e18       0x14 ../micro_ros_stm32cubemx_utils/microros_static_library_ide/libmicroros/libmicroros.a(libstd_msgs__rosidl_typesupport_microxrcedds_c-int32__type_support_c.c.obj)
                0x08009e18                get_serialized_size_std_msgs__msg__Int32
 .text._Int32__cdr_serialize
                0x08009e2c       0x10 ../micro_ros_stm32cubemx_utils/microros_static_library_ide/libmicroros/libmicroros.a(libstd_msgs__rosidl_typesupport_microxrcedds_c-int32__type_support_c.c.obj)
 .text._Int32__get_serialized_size
                0x08009e3c       0x14 ../micro_ros_stm32cubemx_utils/microros_static_library_ide/libmicroros/libmicroros.a(libstd_msgs__rosidl_typesupport_microxrcedds_c-int32__type_support_c.c.obj)
 .text.rosidl_typesupport_microxrcedds_c__get_message_type_support_handle__std_msgs__msg__Int32
                0x08009e50        0x8 ../micro_ros_stm32cubemx_utils/microros_static_library_ide/libmicroros/libmicroros.a(libstd_msgs__rosidl_typesupport_microxrcedds_c-int32__type_support_c.c.obj)
                0x08009e50                rosidl_typesupport_microxrcedds_c__get_message_type_support_handle__std_msgs__msg__Int32
 .text.geometry_msgs__msg__Point__init
                0x08009e58        0x8 ../micro_ros_stm32cubemx_utils/microros_static_library_ide/libmicroros/libmicroros.a(libgeometry_msgs__rosidl_generator_c-point__functions.c.obj)
                0x08009e58                geometry_msgs__msg__Point__init
 .text.geometry_msgs__msg__Point__fini
                0x08009e60        0x4 ../micro_ros_stm32cubemx_utils/microros_static_library_ide/libmicroros/libmicroros.a(libgeometry_msgs__rosidl_generator_c-point__functions.c.obj)
                0x08009e60                geometry_msgs__msg__Point__fini
 .text.uxr_buffer_delete_entity
                0x08009e64       0x40 ../micro_ros_stm32cubemx_utils/microros_static_library_ide/libmicroros/libmicroros.a(libmicroxrcedds_client-common_create_entities.c.obj)
                0x08009e64                uxr_buffer_delete_entity
 .text.uxr_common_create_entity
                0x08009ea4       0x58 ../micro_ros_stm32cubemx_utils/microros_static_library_ide/libmicroros/libmicroros.a(libmicroxrcedds_client-common_create_entities.c.obj)
                0x08009ea4                uxr_common_create_entity
 .text.uxr_buffer_create_participant_bin
                0x08009efc       0x64 ../micro_ros_stm32cubemx_utils/microros_static_library_ide/libmicroros/libmicroros.a(libmicroxrcedds_client-create_entities_bin.c.obj)
                0x08009efc                uxr_buffer_create_participant_bin
 .text.uxr_buffer_create_topic_bin
                0x08009f60       0x6c ../micro_ros_stm32cubemx_utils/microros_static_library_ide/libmicroros/libmicroros.a(libmicroxrcedds_client-create_entities_bin.c.obj)
                0x08009f60                uxr_buffer_create_topic_bin
 .text.uxr_buffer_create_publisher_bin
                0x08009fcc       0x60 ../micro_ros_stm32cubemx_utils/microros_static_library_ide/libmicroros/libmicroros.a(libmicroxrcedds_client-create_entities_bin.c.obj)
                0x08009fcc                uxr_buffer_create_publisher_bin
 .text.uxr_buffer_create_datawriter_bin
                0x0800a02c       0xec ../micro_ros_stm32cubemx_utils/microros_static_library_ide/libmicroros/libmicroros.a(libmicroxrcedds_client-create_entities_bin.c.obj)
                0x0800a02c                uxr_buffer_create_datawriter_bin
 .text.uxr_object_id
                0x0800a118       0x1c ../micro_ros_stm32cubemx_utils/microros_static_library_ide/libmicroros/libmicroros.a(libmicroxrcedds_client-object_id.c.obj)
                0x0800a118                uxr_object_id
 .text.uxr_object_id_from_raw
                0x0800a134       0x28 ../micro_ros_stm32cubemx_utils/microros_static_library_ide/libmicroros/libmicroros.a(libmicroxrcedds_client-object_id.c.obj)
                0x0800a134                uxr_object_id_from_raw
 .text.uxr_object_id_to_raw
                0x0800a15c       0x1c ../micro_ros_stm32cubemx_utils/microros_static_library_ide/libmicroros/libmicroros.a(libmicroxrcedds_client-object_id.c.obj)
                0x0800a15c                uxr_object_id_to_raw
 .text.on_get_fragmentation_info
                0x0800a178       0x44 ../micro_ros_stm32cubemx_utils/microros_static_library_ide/libmicroros/libmicroros.a(libmicroxrcedds_client-session.c.obj)
 .text.read_submessage_get_info
                0x0800a1bc       0x6c ../micro_ros_stm32cubemx_utils/microros_static_library_ide/libmicroros/libmicroros.a(libmicroxrcedds_client-session.c.obj)
 .text.write_submessage_acknack.isra.0
                0x0800a228       0x6c ../micro_ros_stm32cubemx_utils/microros_static_library_ide/libmicroros/libmicroros.a(libmicroxrcedds_client-session.c.obj)
 *fill*         0x0800a294        0x4 
 .text.uxr_init_session
                0x0800a298       0x40 ../micro_ros_stm32cubemx_utils/microros_static_library_ide/libmicroros/libmicroros.a(libmicroxrcedds_client-session.c.obj)
                0x0800a298                uxr_init_session
 .text.uxr_set_status_callback
                0x0800a2d8        0x8 ../micro_ros_stm32cubemx_utils/microros_static_library_ide/libmicroros/libmicroros.a(libmicroxrcedds_client-session.c.obj)
                0x0800a2d8                uxr_set_status_callback
 .text.uxr_set_topic_callback
                0x0800a2e0        0x8 ../micro_ros_stm32cubemx_utils/microros_static_library_ide/libmicroros/libmicroros.a(libmicroxrcedds_client-session.c.obj)
                0x0800a2e0                uxr_set_topic_callback
 .text.uxr_set_request_callback
                0x0800a2e8        0x8 ../micro_ros_stm32cubemx_utils/microros_static_library_ide/libmicroros/libmicroros.a(libmicroxrcedds_client-session.c.obj)
                0x0800a2e8                uxr_set_request_callback
 .text.uxr_set_reply_callback
                0x0800a2f0        0x8 ../micro_ros_stm32cubemx_utils/microros_static_library_ide/libmicroros/libmicroros.a(libmicroxrcedds_client-session.c.obj)
                0x0800a2f0                uxr_set_reply_callback
 .text.uxr_create_output_best_effort_stream
                0x0800a2f8       0x24 ../micro_ros_stm32cubemx_utils/microros_static_library_ide/libmicroros/libmicroros.a(libmicroxrcedds_client-session.c.obj)
                0x0800a2f8                uxr_create_output_best_effort_stream
 .text.uxr_create_output_reliable_stream
                0x0800a31c       0x44 ../micro_ros_stm32cubemx_utils/microros_static_library_ide/libmicroros/libmicroros.a(libmicroxrcedds_client-session.c.obj)
                0x0800a31c                uxr_create_output_reliable_stream
 .text.uxr_create_input_best_effort_stream
                0x0800a360        0xc ../micro_ros_stm32cubemx_utils/microros_static_library_ide/libmicroros/libmicroros.a(libmicroxrcedds_client-session.c.obj)
                0x0800a360                uxr_create_input_best_effort_stream
 .text.uxr_create_input_reliable_stream
                0x0800a36c       0x38 ../micro_ros_stm32cubemx_utils/microros_static_library_ide/libmicroros/libmicroros.a(libmicroxrcedds_client-session.c.obj)
                0x0800a36c                uxr_create_input_reliable_stream
 .text.uxr_epoch_nanos
                0x0800a3a4       0x14 ../micro_ros_stm32cubemx_utils/microros_static_library_ide/libmicroros/libmicroros.a(libmicroxrcedds_client-session.c.obj)
                0x0800a3a4                uxr_epoch_nanos
 .text.uxr_flash_output_streams
                0x0800a3b8       0xec ../micro_ros_stm32cubemx_utils/microros_static_library_ide/libmicroros/libmicroros.a(libmicroxrcedds_client-session.c.obj)
                0x0800a3b8                uxr_flash_output_streams
 .text.read_submessage_info
                0x0800a4a4       0x90 ../micro_ros_stm32cubemx_utils/microros_static_library_ide/libmicroros/libmicroros.a(libmicroxrcedds_client-session.c.obj)
                0x0800a4a4                read_submessage_info
 .text.read_submessage_list
                0x0800a534      0x310 ../micro_ros_stm32cubemx_utils/microros_static_library_ide/libmicroros/libmicroros.a(libmicroxrcedds_client-session.c.obj)
 .text.listen_message_reliably
                0x0800a844      0x280 ../micro_ros_stm32cubemx_utils/microros_static_library_ide/libmicroros/libmicroros.a(libmicroxrcedds_client-session.c.obj)
 .text.uxr_run_session_until_confirm_delivery
                0x0800aac4       0x4c ../micro_ros_stm32cubemx_utils/microros_static_library_ide/libmicroros/libmicroros.a(libmicroxrcedds_client-session.c.obj)
                0x0800aac4                uxr_run_session_until_confirm_delivery
 .text.uxr_run_session_until_all_status
                0x0800ab10       0xa4 ../micro_ros_stm32cubemx_utils/microros_static_library_ide/libmicroros/libmicroros.a(libmicroxrcedds_client-session.c.obj)
                0x0800ab10                uxr_run_session_until_all_status
 .text.wait_session_status
                0x0800abb4      0x1a0 ../micro_ros_stm32cubemx_utils/microros_static_library_ide/libmicroros/libmicroros.a(libmicroxrcedds_client-session.c.obj)
 .text.uxr_delete_session_retries
                0x0800ad54       0x50 ../micro_ros_stm32cubemx_utils/microros_static_library_ide/libmicroros/libmicroros.a(libmicroxrcedds_client-session.c.obj)
                0x0800ad54                uxr_delete_session_retries
 .text.uxr_create_session
                0x0800ada4      0x1bc ../micro_ros_stm32cubemx_utils/microros_static_library_ide/libmicroros/libmicroros.a(libmicroxrcedds_client-session.c.obj)
                0x0800ada4                uxr_create_session
 .text.uxr_prepare_stream_to_write_submessage
                0x0800af60       0x88 ../micro_ros_stm32cubemx_utils/microros_static_library_ide/libmicroros/libmicroros.a(libmicroxrcedds_client-session.c.obj)
                0x0800af60                uxr_prepare_stream_to_write_submessage
 .text.uxr_init_session_info
                0x0800afe8       0x20 ../micro_ros_stm32cubemx_utils/microros_static_library_ide/libmicroros/libmicroros.a(libmicroxrcedds_client-session_info.c.obj)
                0x0800afe8                uxr_init_session_info
 .text.uxr_buffer_create_session
                0x0800b008       0x54 ../micro_ros_stm32cubemx_utils/microros_static_library_ide/libmicroros/libmicroros.a(libmicroxrcedds_client-session_info.c.obj)
                0x0800b008                uxr_buffer_create_session
 .text.uxr_buffer_delete_session
                0x0800b05c       0x38 ../micro_ros_stm32cubemx_utils/microros_static_library_ide/libmicroros/libmicroros.a(libmicroxrcedds_client-session_info.c.obj)
                0x0800b05c                uxr_buffer_delete_session
 .text.uxr_read_create_session_status
                0x0800b094       0x18 ../micro_ros_stm32cubemx_utils/microros_static_library_ide/libmicroros/libmicroros.a(libmicroxrcedds_client-session_info.c.obj)
                0x0800b094                uxr_read_create_session_status
 .text.uxr_read_delete_session_status
                0x0800b0ac       0x3c ../micro_ros_stm32cubemx_utils/microros_static_library_ide/libmicroros/libmicroros.a(libmicroxrcedds_client-session_info.c.obj)
                0x0800b0ac                uxr_read_delete_session_status
 .text.uxr_stamp_create_session_header
                0x0800b0e8       0x28 ../micro_ros_stm32cubemx_utils/microros_static_library_ide/libmicroros/libmicroros.a(libmicroxrcedds_client-session_info.c.obj)
                0x0800b0e8                uxr_stamp_create_session_header
 .text.uxr_stamp_session_header
                0x0800b110       0x28 ../micro_ros_stm32cubemx_utils/microros_static_library_ide/libmicroros/libmicroros.a(libmicroxrcedds_client-session_info.c.obj)
                0x0800b110                uxr_stamp_session_header
 .text.uxr_read_session_header
                0x0800b138       0x84 ../micro_ros_stm32cubemx_utils/microros_static_library_ide/libmicroros/libmicroros.a(libmicroxrcedds_client-session_info.c.obj)
                0x0800b138                uxr_read_session_header
 .text.uxr_session_header_offset
                0x0800b1bc       0x10 ../micro_ros_stm32cubemx_utils/microros_static_library_ide/libmicroros/libmicroros.a(libmicroxrcedds_client-session_info.c.obj)
                0x0800b1bc                uxr_session_header_offset
 .text.uxr_init_base_object_request
                0x0800b1cc       0x3c ../micro_ros_stm32cubemx_utils/microros_static_library_ide/libmicroros/libmicroros.a(libmicroxrcedds_client-session_info.c.obj)
                0x0800b1cc                uxr_init_base_object_request
 .text.uxr_parse_base_object_request
                0x0800b208       0x24 ../micro_ros_stm32cubemx_utils/microros_static_library_ide/libmicroros/libmicroros.a(libmicroxrcedds_client-session_info.c.obj)
                0x0800b208                uxr_parse_base_object_request
 .text.uxr_stream_id
                0x0800b22c       0x54 ../micro_ros_stm32cubemx_utils/microros_static_library_ide/libmicroros/libmicroros.a(libmicroxrcedds_client-stream_id.c.obj)
                0x0800b22c                uxr_stream_id
 .text.uxr_stream_id_from_raw
                0x0800b280       0x54 ../micro_ros_stm32cubemx_utils/microros_static_library_ide/libmicroros/libmicroros.a(libmicroxrcedds_client-stream_id.c.obj)
                0x0800b280                uxr_stream_id_from_raw
 .text.uxr_init_stream_storage
                0x0800b2d4       0x14 ../micro_ros_stm32cubemx_utils/microros_static_library_ide/libmicroros/libmicroros.a(libmicroxrcedds_client-stream_storage.c.obj)
                0x0800b2d4                uxr_init_stream_storage
 .text.uxr_reset_stream_storage
                0x0800b2e8       0x80 ../micro_ros_stm32cubemx_utils/microros_static_library_ide/libmicroros/libmicroros.a(libmicroxrcedds_client-stream_storage.c.obj)
                0x0800b2e8                uxr_reset_stream_storage
 .text.uxr_add_output_best_effort_buffer
                0x0800b368       0x28 ../micro_ros_stm32cubemx_utils/microros_static_library_ide/libmicroros/libmicroros.a(libmicroxrcedds_client-stream_storage.c.obj)
                0x0800b368                uxr_add_output_best_effort_buffer
 .text.uxr_add_output_reliable_buffer
                0x0800b390       0x34 ../micro_ros_stm32cubemx_utils/microros_static_library_ide/libmicroros/libmicroros.a(libmicroxrcedds_client-stream_storage.c.obj)
                0x0800b390                uxr_add_output_reliable_buffer
 .text.uxr_add_input_best_effort_buffer
                0x0800b3c4       0x2c ../micro_ros_stm32cubemx_utils/microros_static_library_ide/libmicroros/libmicroros.a(libmicroxrcedds_client-stream_storage.c.obj)
                0x0800b3c4                uxr_add_input_best_effort_buffer
 .text.uxr_add_input_reliable_buffer
                0x0800b3f0       0x34 ../micro_ros_stm32cubemx_utils/microros_static_library_ide/libmicroros/libmicroros.a(libmicroxrcedds_client-stream_storage.c.obj)
                0x0800b3f0                uxr_add_input_reliable_buffer
 .text.uxr_get_output_best_effort_stream
                0x0800b424       0x10 ../micro_ros_stm32cubemx_utils/microros_static_library_ide/libmicroros/libmicroros.a(libmicroxrcedds_client-stream_storage.c.obj)
                0x0800b424                uxr_get_output_best_effort_stream
 .text.uxr_get_output_reliable_stream
                0x0800b434       0x14 ../micro_ros_stm32cubemx_utils/microros_static_library_ide/libmicroros/libmicroros.a(libmicroxrcedds_client-stream_storage.c.obj)
                0x0800b434                uxr_get_output_reliable_stream
 .text.uxr_get_input_best_effort_stream
                0x0800b448       0x14 ../micro_ros_stm32cubemx_utils/microros_static_library_ide/libmicroros/libmicroros.a(libmicroxrcedds_client-stream_storage.c.obj)
                0x0800b448                uxr_get_input_best_effort_stream
 .text.uxr_get_input_reliable_stream
                0x0800b45c       0x14 ../micro_ros_stm32cubemx_utils/microros_static_library_ide/libmicroros/libmicroros.a(libmicroxrcedds_client-stream_storage.c.obj)
                0x0800b45c                uxr_get_input_reliable_stream
 .text.uxr_output_streams_confirmed
                0x0800b470       0x2c ../micro_ros_stm32cubemx_utils/microros_static_library_ide/libmicroros/libmicroros.a(libmicroxrcedds_client-stream_storage.c.obj)
                0x0800b470                uxr_output_streams_confirmed
 .text.uxr_buffer_submessage_header
                0x0800b49c       0x34 ../micro_ros_stm32cubemx_utils/microros_static_library_ide/libmicroros/libmicroros.a(libmicroxrcedds_client-submessage.c.obj)
                0x0800b49c                uxr_buffer_submessage_header
 .text.uxr_read_submessage_header
                0x0800b4d0       0x4c ../micro_ros_stm32cubemx_utils/microros_static_library_ide/libmicroros/libmicroros.a(libmicroxrcedds_client-submessage.c.obj)
                0x0800b4d0                uxr_read_submessage_header
 .text.uxr_submessage_padding
                0x0800b51c        0xc ../micro_ros_stm32cubemx_utils/microros_static_library_ide/libmicroros/libmicroros.a(libmicroxrcedds_client-submessage.c.obj)
                0x0800b51c                uxr_submessage_padding
 .text.uxr_millis
                0x0800b528       0x34 ../micro_ros_stm32cubemx_utils/microros_static_library_ide/libmicroros/libmicroros.a(libmicroxrcedds_client-time.c.obj)
                0x0800b528                uxr_millis
 .text.uxr_nanos
                0x0800b55c       0x2c ../micro_ros_stm32cubemx_utils/microros_static_library_ide/libmicroros/libmicroros.a(libmicroxrcedds_client-time.c.obj)
                0x0800b55c                uxr_nanos
 .text.on_full_output_buffer_fragmented
                0x0800b588      0x114 ../micro_ros_stm32cubemx_utils/microros_static_library_ide/libmicroros/libmicroros.a(libmicroxrcedds_client-write_access.c.obj)
                0x0800b588                on_full_output_buffer_fragmented
 .text.uxr_prepare_output_stream
                0x0800b69c       0x60 ../micro_ros_stm32cubemx_utils/microros_static_library_ide/libmicroros/libmicroros.a(libmicroxrcedds_client-write_access.c.obj)
                0x0800b69c                uxr_prepare_output_stream
 .text.uxr_prepare_output_stream_fragmented
                0x0800b6fc      0x194 ../micro_ros_stm32cubemx_utils/microros_static_library_ide/libmicroros/libmicroros.a(libmicroxrcedds_client-write_access.c.obj)
                0x0800b6fc                uxr_prepare_output_stream_fragmented
 .text.uxr_serialize_message_header
                0x0800b890       0x3c ../micro_ros_stm32cubemx_utils/microros_static_library_ide/libmicroros/libmicroros.a(libmicroxrcedds_client-xrce_header.c.obj)
                0x0800b890                uxr_serialize_message_header
 .text.uxr_deserialize_message_header
                0x0800b8cc       0x40 ../micro_ros_stm32cubemx_utils/microros_static_library_ide/libmicroros/libmicroros.a(libmicroxrcedds_client-xrce_header.c.obj)
                0x0800b8cc                uxr_deserialize_message_header
 .text.uxr_serialize_submessage_header
                0x0800b90c       0x28 ../micro_ros_stm32cubemx_utils/microros_static_library_ide/libmicroros/libmicroros.a(libmicroxrcedds_client-xrce_subheader.c.obj)
                0x0800b90c                uxr_serialize_submessage_header
 .text.uxr_deserialize_submessage_header
                0x0800b934       0x28 ../micro_ros_stm32cubemx_utils/microros_static_library_ide/libmicroros/libmicroros.a(libmicroxrcedds_client-xrce_subheader.c.obj)
                0x0800b934                uxr_deserialize_submessage_header
 .text.uxr_serialize_CLIENT_Representation
                0x0800b95c       0xb0 ../micro_ros_stm32cubemx_utils/microros_static_library_ide/libmicroros/libmicroros.a(libmicroxrcedds_client-xrce_types.c.obj)
                0x0800b95c                uxr_serialize_CLIENT_Representation
 .text.uxr_deserialize_CLIENT_Representation
                0x0800ba0c       0xc8 ../micro_ros_stm32cubemx_utils/microros_static_library_ide/libmicroros/libmicroros.a(libmicroxrcedds_client-xrce_types.c.obj)
                0x0800ba0c                uxr_deserialize_CLIENT_Representation
 .text.uxr_serialize_AGENT_Representation
                0x0800bad4       0x94 ../micro_ros_stm32cubemx_utils/microros_static_library_ide/libmicroros/libmicroros.a(libmicroxrcedds_client-xrce_types.c.obj)
                0x0800bad4                uxr_serialize_AGENT_Representation
 .text.uxr_serialize_DATAWRITER_Representation
                0x0800bb68       0x50 ../micro_ros_stm32cubemx_utils/microros_static_library_ide/libmicroros/libmicroros.a(libmicroxrcedds_client-xrce_types.c.obj)
                0x0800bb68                uxr_serialize_DATAWRITER_Representation
 .text.uxr_serialize_ObjectVariant.part.0
                0x0800bbb8       0xe8 ../micro_ros_stm32cubemx_utils/microros_static_library_ide/libmicroros/libmicroros.a(libmicroxrcedds_client-xrce_types.c.obj)
 .text.uxr_deserialize_DATAWRITER_Representation
                0x0800bca0       0x54 ../micro_ros_stm32cubemx_utils/microros_static_library_ide/libmicroros/libmicroros.a(libmicroxrcedds_client-xrce_types.c.obj)
                0x0800bca0                uxr_deserialize_DATAWRITER_Representation
 .text.uxr_serialize_OBJK_DomainParticipant_Binary
                0x0800bcf4       0x44 ../micro_ros_stm32cubemx_utils/microros_static_library_ide/libmicroros/libmicroros.a(libmicroxrcedds_client-xrce_types.c.obj)
                0x0800bcf4                uxr_serialize_OBJK_DomainParticipant_Binary
 .text.uxr_serialize_OBJK_Topic_Binary
                0x0800bd38       0x4c ../micro_ros_stm32cubemx_utils/microros_static_library_ide/libmicroros/libmicroros.a(libmicroxrcedds_client-xrce_types.c.obj)
                0x0800bd38                uxr_serialize_OBJK_Topic_Binary
 .text.uxr_serialize_OBJK_Publisher_Binary_Qos